<html>
<body>
<pre>
<h1>µVision Build Log</h1>
<h2>Tool Versions:</h2>
IDE-Version: ¦ÌVision V5.40.0.0
Copyright (C) 2024 ARM Ltd and ARM Germany GmbH. All rights reserved.
License Information: sdf stephen.qlf@gmail.com, dsf, LIC=21E4T-R1EEX-56TQ2-9KMTU-00QQS-2BNYB
 
Tool Versions:
Toolchain:       MDK-ARM Plus  Version: 5.40.0.3
Toolchain Path:  C:\Keil540\ARM\ARMCC\Bin
C Compiler:      Armcc.exe V5.06 update 6 (build 750)
Assembler:       Armasm.exe V5.06 update 6 (build 750)
Linker/Locator:  ArmLink.exe V5.06 update 6 (build 750)
Library Manager: ArmAr.exe V5.06 update 6 (build 750)
Hex Converter:   FromElf.exe V5.06 update 6 (build 750)
CPU DLL:         SARMCM3.DLL V5.40.0.3
Dialog DLL:      DCM.DLL V1.17.5.0
Target DLL:      UL2CM3.DLL V1.164.11.0
Dialog DLL:      TCM.DLL V1.56.4.0
 
<h2>Project:</h2>
C:\work\Git Project\3-loop\ELRS_steper_motor_selfbalancecar\MDK-ARM\Balance_Car_NewTest.uvprojx
Project File Date:  03/09/2026

<h2>Output:</h2>
*** Using Compiler 'V5.06 update 6 (build 750)', folder: 'C:\Keil540\ARM\ARMCC\Bin'
Build target 'Balance_Car_NewTest'
compiling dma.c...
compiling main.c...
compiling tim.c...
compiling delay.c...
compiling stm32f4xx_it.c...
compiling usart.c...
compiling printf.c...
compiling crsf_parse.c...
compiling mpuiic.c...
compiling stm32f4xx_hal_msp.c...
compiling gpio.c...
compiling inv_mpu_dmp_motion_driver.c...
compiling inv_mpu.c...
compiling mpu6050.c...
compiling motor.c...
compiling control.c...
..\Control\control.c(56): warning:  #550-D: variable "pwm_turn"  was set but never used
  static int32_t pwm_turn = 0;
..\Control\control.c: 1 warning, 0 errors
linking...
Program Size: Code=29802 RO-data=4070 RW-data=244 ZI-data=1588  
FromELF: creating hex file...
"Balance_Car_NewTest\Balance_Car_NewTest.axf" - 0 Error(s), 1 Warning(s).

<h2>Software Packages used:</h2>

Package Vendor: ARM
                https://www.keil.com/pack/ARM.CMSIS.6.1.0.pack
                ARM::CMSIS@6.1.0
                CMSIS (Common Microcontroller Software Interface Standard)
   * Component: CORE Version: 6.1.0

Package Vendor: Keil
                https://www.keil.com/pack/Keil.STM32F4xx_DFP.2.17.1.pack
                Keil::STM32F4xx_DFP@2.17.1
                STMicroelectronics STM32F4 Series Device Support, Drivers and Examples

<h2>Collection of Component include folders:</h2>
  ./RTE/_Balance_Car_NewTest
  C:/Keil540/ARM/Packs/ARM/CMSIS/6.1.0/CMSIS/Core/Include
  C:/Keil540/ARM/Packs/Keil/STM32F4xx_DFP/2.17.1/Drivers/CMSIS/Device/ST/STM32F4xx/Include

<h2>Collection of Component Files used:</h2>

   * Component: ARM::CMSIS:CORE@6.1.0
      Include file:  CMSIS/Core/Include/tz_context.h
Build Time Elapsed:  00:00:02
</pre>
</body>
</html>
