<!doctype html public "-//w3c//dtd html 4.0 transitional//en">
<html><head>
<title>Static Call Graph - [Balance_Car_NewTest\Balance_Car_NewTest.axf]</title></head>
<body><HR>
<H1>Static Call Graph for image Balance_Car_NewTest\Balance_Car_NewTest.axf</H1><HR>
<BR><P>#&#060CALLGRAPH&#062# ARM Linker, 5060750: Last Updated: Sat Feb 28 23:04:20 2026
<BR><P>
<H3>Maximum Stack Usage =        416 bytes + Unknown(Cycles, Untraceable Function Pointers)</H3><H3>
Call chain for Maximum Stack Depth:</H3>
TIM1_CC_IRQHandler &rArr; HAL_TIM_IRQHandler &rArr; HAL_TIM_PeriodElapsedCallback &rArr; ControlLoopPackage &rArr; Get_Elrs &rArr; __hardfp_pow &rArr; __kernel_poly &rArr; __aeabi_dmul &rArr; _double_epilogue &rArr; _double_round
<P>
<H3>
Mutually Recursive functions
</H3> <LI><a href="#[1d]">ADC_IRQHandler</a>&nbsp;&nbsp;&nbsp;&rArr;&nbsp;&nbsp;&nbsp;<a href="#[1d]">ADC_IRQHandler</a><BR>
 <LI><a href="#[5]">BusFault_Handler</a>&nbsp;&nbsp;&nbsp;&rArr;&nbsp;&nbsp;&nbsp;<a href="#[5]">BusFault_Handler</a><BR>
 <LI><a href="#[3]">HardFault_Handler</a>&nbsp;&nbsp;&nbsp;&rArr;&nbsp;&nbsp;&nbsp;<a href="#[3]">HardFault_Handler</a><BR>
 <LI><a href="#[4]">MemManage_Handler</a>&nbsp;&nbsp;&nbsp;&rArr;&nbsp;&nbsp;&nbsp;<a href="#[4]">MemManage_Handler</a><BR>
 <LI><a href="#[2]">NMI_Handler</a>&nbsp;&nbsp;&nbsp;&rArr;&nbsp;&nbsp;&nbsp;<a href="#[2]">NMI_Handler</a><BR>
 <LI><a href="#[ae]">UART_EndRxTransfer</a>&nbsp;&nbsp;&nbsp;&rArr;&nbsp;&nbsp;&nbsp;<a href="#[ae]">UART_EndRxTransfer</a><BR>
 <LI><a href="#[6]">UsageFault_Handler</a>&nbsp;&nbsp;&nbsp;&rArr;&nbsp;&nbsp;&nbsp;<a href="#[6]">UsageFault_Handler</a><BR>
 <LI><a href="#[da]">UART_EndTxTransfer</a>&nbsp;&nbsp;&nbsp;&rArr;&nbsp;&nbsp;&nbsp;<a href="#[da]">UART_EndTxTransfer</a><BR>
</UL>
<P>
<H3>
Function Pointers
</H3><UL>
 <LI><a href="#[1d]">ADC_IRQHandler</a> from startup_stm32f411xe.o(.text) referenced from startup_stm32f411xe.o(RESET)
 <LI><a href="#[5]">BusFault_Handler</a> from stm32f4xx_it.o(i.BusFault_Handler) referenced from startup_stm32f411xe.o(RESET)
 <LI><a href="#[16]">DMA1_Stream0_IRQHandler</a> from startup_stm32f411xe.o(.text) referenced from startup_stm32f411xe.o(RESET)
 <LI><a href="#[17]">DMA1_Stream1_IRQHandler</a> from startup_stm32f411xe.o(.text) referenced from startup_stm32f411xe.o(RESET)
 <LI><a href="#[18]">DMA1_Stream2_IRQHandler</a> from startup_stm32f411xe.o(.text) referenced from startup_stm32f411xe.o(RESET)
 <LI><a href="#[19]">DMA1_Stream3_IRQHandler</a> from startup_stm32f411xe.o(.text) referenced from startup_stm32f411xe.o(RESET)
 <LI><a href="#[1a]">DMA1_Stream4_IRQHandler</a> from startup_stm32f411xe.o(.text) referenced from startup_stm32f411xe.o(RESET)
 <LI><a href="#[1b]">DMA1_Stream5_IRQHandler</a> from startup_stm32f411xe.o(.text) referenced from startup_stm32f411xe.o(RESET)
 <LI><a href="#[1c]">DMA1_Stream6_IRQHandler</a> from startup_stm32f411xe.o(.text) referenced from startup_stm32f411xe.o(RESET)
 <LI><a href="#[31]">DMA1_Stream7_IRQHandler</a> from startup_stm32f411xe.o(.text) referenced from startup_stm32f411xe.o(RESET)
 <LI><a href="#[35]">DMA2_Stream0_IRQHandler</a> from startup_stm32f411xe.o(.text) referenced from startup_stm32f411xe.o(RESET)
 <LI><a href="#[36]">DMA2_Stream1_IRQHandler</a> from stm32f4xx_it.o(i.DMA2_Stream1_IRQHandler) referenced from startup_stm32f411xe.o(RESET)
 <LI><a href="#[37]">DMA2_Stream2_IRQHandler</a> from startup_stm32f411xe.o(.text) referenced from startup_stm32f411xe.o(RESET)
 <LI><a href="#[38]">DMA2_Stream3_IRQHandler</a> from startup_stm32f411xe.o(.text) referenced from startup_stm32f411xe.o(RESET)
 <LI><a href="#[39]">DMA2_Stream4_IRQHandler</a> from startup_stm32f411xe.o(.text) referenced from startup_stm32f411xe.o(RESET)
 <LI><a href="#[3b]">DMA2_Stream5_IRQHandler</a> from startup_stm32f411xe.o(.text) referenced from startup_stm32f411xe.o(RESET)
 <LI><a href="#[3c]">DMA2_Stream6_IRQHandler</a> from startup_stm32f411xe.o(.text) referenced from startup_stm32f411xe.o(RESET)
 <LI><a href="#[3d]">DMA2_Stream7_IRQHandler</a> from startup_stm32f411xe.o(.text) referenced from startup_stm32f411xe.o(RESET)
 <LI><a href="#[8]">DebugMon_Handler</a> from stm32f4xx_it.o(i.DebugMon_Handler) referenced from startup_stm32f411xe.o(RESET)
 <LI><a href="#[11]">EXTI0_IRQHandler</a> from startup_stm32f411xe.o(.text) referenced from startup_stm32f411xe.o(RESET)
 <LI><a href="#[2e]">EXTI15_10_IRQHandler</a> from startup_stm32f411xe.o(.text) referenced from startup_stm32f411xe.o(RESET)
 <LI><a href="#[12]">EXTI1_IRQHandler</a> from startup_stm32f411xe.o(.text) referenced from startup_stm32f411xe.o(RESET)
 <LI><a href="#[13]">EXTI2_IRQHandler</a> from startup_stm32f411xe.o(.text) referenced from startup_stm32f411xe.o(RESET)
 <LI><a href="#[14]">EXTI3_IRQHandler</a> from startup_stm32f411xe.o(.text) referenced from startup_stm32f411xe.o(RESET)
 <LI><a href="#[15]">EXTI4_IRQHandler</a> from startup_stm32f411xe.o(.text) referenced from startup_stm32f411xe.o(RESET)
 <LI><a href="#[1e]">EXTI9_5_IRQHandler</a> from stm32f4xx_it.o(i.EXTI9_5_IRQHandler) referenced from startup_stm32f411xe.o(RESET)
 <LI><a href="#[f]">FLASH_IRQHandler</a> from startup_stm32f411xe.o(.text) referenced from startup_stm32f411xe.o(RESET)
 <LI><a href="#[41]">FPU_IRQHandler</a> from startup_stm32f411xe.o(.text) referenced from startup_stm32f411xe.o(RESET)
 <LI><a href="#[3]">HardFault_Handler</a> from stm32f4xx_it.o(i.HardFault_Handler) referenced from startup_stm32f411xe.o(RESET)
 <LI><a href="#[27]">I2C1_ER_IRQHandler</a> from startup_stm32f411xe.o(.text) referenced from startup_stm32f411xe.o(RESET)
 <LI><a href="#[26]">I2C1_EV_IRQHandler</a> from startup_stm32f411xe.o(.text) referenced from startup_stm32f411xe.o(RESET)
 <LI><a href="#[29]">I2C2_ER_IRQHandler</a> from startup_stm32f411xe.o(.text) referenced from startup_stm32f411xe.o(RESET)
 <LI><a href="#[28]">I2C2_EV_IRQHandler</a> from startup_stm32f411xe.o(.text) referenced from startup_stm32f411xe.o(RESET)
 <LI><a href="#[40]">I2C3_ER_IRQHandler</a> from startup_stm32f411xe.o(.text) referenced from startup_stm32f411xe.o(RESET)
 <LI><a href="#[3f]">I2C3_EV_IRQHandler</a> from startup_stm32f411xe.o(.text) referenced from startup_stm32f411xe.o(RESET)
 <LI><a href="#[4]">MemManage_Handler</a> from stm32f4xx_it.o(i.MemManage_Handler) referenced from startup_stm32f411xe.o(RESET)
 <LI><a href="#[2]">NMI_Handler</a> from stm32f4xx_it.o(i.NMI_Handler) referenced from startup_stm32f411xe.o(RESET)
 <LI><a href="#[3a]">OTG_FS_IRQHandler</a> from startup_stm32f411xe.o(.text) referenced from startup_stm32f411xe.o(RESET)
 <LI><a href="#[30]">OTG_FS_WKUP_IRQHandler</a> from startup_stm32f411xe.o(.text) referenced from startup_stm32f411xe.o(RESET)
 <LI><a href="#[c]">PVD_IRQHandler</a> from startup_stm32f411xe.o(.text) referenced from startup_stm32f411xe.o(RESET)
 <LI><a href="#[9]">PendSV_Handler</a> from stm32f4xx_it.o(i.PendSV_Handler) referenced from startup_stm32f411xe.o(RESET)
 <LI><a href="#[10]">RCC_IRQHandler</a> from startup_stm32f411xe.o(.text) referenced from startup_stm32f411xe.o(RESET)
 <LI><a href="#[2f]">RTC_Alarm_IRQHandler</a> from startup_stm32f411xe.o(.text) referenced from startup_stm32f411xe.o(RESET)
 <LI><a href="#[e]">RTC_WKUP_IRQHandler</a> from startup_stm32f411xe.o(.text) referenced from startup_stm32f411xe.o(RESET)
 <LI><a href="#[1]">Reset_Handler</a> from startup_stm32f411xe.o(.text) referenced from startup_stm32f411xe.o(RESET)
 <LI><a href="#[32]">SDIO_IRQHandler</a> from startup_stm32f411xe.o(.text) referenced from startup_stm32f411xe.o(RESET)
 <LI><a href="#[2a]">SPI1_IRQHandler</a> from startup_stm32f411xe.o(.text) referenced from startup_stm32f411xe.o(RESET)
 <LI><a href="#[2b]">SPI2_IRQHandler</a> from startup_stm32f411xe.o(.text) referenced from startup_stm32f411xe.o(RESET)
 <LI><a href="#[34]">SPI3_IRQHandler</a> from startup_stm32f411xe.o(.text) referenced from startup_stm32f411xe.o(RESET)
 <LI><a href="#[42]">SPI4_IRQHandler</a> from startup_stm32f411xe.o(.text) referenced from startup_stm32f411xe.o(RESET)
 <LI><a href="#[43]">SPI5_IRQHandler</a> from startup_stm32f411xe.o(.text) referenced from startup_stm32f411xe.o(RESET)
 <LI><a href="#[7]">SVC_Handler</a> from stm32f4xx_it.o(i.SVC_Handler) referenced from startup_stm32f411xe.o(RESET)
 <LI><a href="#[a]">SysTick_Handler</a> from stm32f4xx_it.o(i.SysTick_Handler) referenced from startup_stm32f411xe.o(RESET)
 <LI><a href="#[45]">SystemInit</a> from system_stm32f4xx.o(i.SystemInit) referenced from startup_stm32f411xe.o(.text)
 <LI><a href="#[d]">TAMP_STAMP_IRQHandler</a> from startup_stm32f411xe.o(.text) referenced from startup_stm32f411xe.o(RESET)
 <LI><a href="#[1f]">TIM1_BRK_TIM9_IRQHandler</a> from startup_stm32f411xe.o(.text) referenced from startup_stm32f411xe.o(RESET)
 <LI><a href="#[22]">TIM1_CC_IRQHandler</a> from stm32f4xx_it.o(i.TIM1_CC_IRQHandler) referenced from startup_stm32f411xe.o(RESET)
 <LI><a href="#[21]">TIM1_TRG_COM_TIM11_IRQHandler</a> from startup_stm32f411xe.o(.text) referenced from startup_stm32f411xe.o(RESET)
 <LI><a href="#[20]">TIM1_UP_TIM10_IRQHandler</a> from startup_stm32f411xe.o(.text) referenced from startup_stm32f411xe.o(RESET)
 <LI><a href="#[23]">TIM2_IRQHandler</a> from stm32f4xx_it.o(i.TIM2_IRQHandler) referenced from startup_stm32f411xe.o(RESET)
 <LI><a href="#[24]">TIM3_IRQHandler</a> from startup_stm32f411xe.o(.text) referenced from startup_stm32f411xe.o(RESET)
 <LI><a href="#[25]">TIM4_IRQHandler</a> from startup_stm32f411xe.o(.text) referenced from startup_stm32f411xe.o(RESET)
 <LI><a href="#[33]">TIM5_IRQHandler</a> from startup_stm32f411xe.o(.text) referenced from startup_stm32f411xe.o(RESET)
 <LI><a href="#[47]">UART_DMAAbortOnError</a> from stm32f4xx_hal_uart.o(i.UART_DMAAbortOnError) referenced from stm32f4xx_hal_uart.o(i.HAL_UART_IRQHandler)
 <LI><a href="#[4a]">UART_DMAError</a> from stm32f4xx_hal_uart.o(i.UART_DMAError) referenced from stm32f4xx_hal_uart.o(i.UART_Start_Receive_DMA)
 <LI><a href="#[48]">UART_DMAReceiveCplt</a> from stm32f4xx_hal_uart.o(i.UART_DMAReceiveCplt) referenced from stm32f4xx_hal_uart.o(i.UART_Start_Receive_DMA)
 <LI><a href="#[49]">UART_DMARxHalfCplt</a> from stm32f4xx_hal_uart.o(i.UART_DMARxHalfCplt) referenced from stm32f4xx_hal_uart.o(i.UART_Start_Receive_DMA)
 <LI><a href="#[2c]">USART1_IRQHandler</a> from stm32f4xx_it.o(i.USART1_IRQHandler) referenced from startup_stm32f411xe.o(RESET)
 <LI><a href="#[2d]">USART2_IRQHandler</a> from startup_stm32f411xe.o(.text) referenced from startup_stm32f411xe.o(RESET)
 <LI><a href="#[3e]">USART6_IRQHandler</a> from stm32f4xx_it.o(i.USART6_IRQHandler) referenced from startup_stm32f411xe.o(RESET)
 <LI><a href="#[6]">UsageFault_Handler</a> from stm32f4xx_it.o(i.UsageFault_Handler) referenced from startup_stm32f411xe.o(RESET)
 <LI><a href="#[b]">WWDG_IRQHandler</a> from startup_stm32f411xe.o(.text) referenced from startup_stm32f411xe.o(RESET)
 <LI><a href="#[46]">__main</a> from entry.o(.ARM.Collect$$$$00000000) referenced from startup_stm32f411xe.o(.text)
 <LI><a href="#[4b]">fputc</a> from printf.o(i.fputc) referenced from printfa.o(i.__0printf)
 <LI><a href="#[44]">main</a> from main.o(i.main) referenced from entry9a.o(.ARM.Collect$$$$0000000B)
</UL>
<P>
<H3>
Global Symbols
</H3>
<P><STRONG><a name="[46]"></a>__main</STRONG> (Thumb, 0 bytes, Stack size unknown bytes, entry.o(.ARM.Collect$$$$00000000))
<BR>[Address Reference Count : 1]<UL><LI> startup_stm32f411xe.o(.text)
</UL>
<P><STRONG><a name="[11e]"></a>_main_stk</STRONG> (Thumb, 0 bytes, Stack size unknown bytes, entry2.o(.ARM.Collect$$$$00000001))

<P><STRONG><a name="[4c]"></a>_main_scatterload</STRONG> (Thumb, 0 bytes, Stack size unknown bytes, entry5.o(.ARM.Collect$$$$00000004))
<BR><BR>[Calls]<UL><LI><a href="#[4d]">&gt;&gt;</a>&nbsp;&nbsp;&nbsp;__scatterload
</UL>

<P><STRONG><a name="[61]"></a>__main_after_scatterload</STRONG> (Thumb, 0 bytes, Stack size unknown bytes, entry5.o(.ARM.Collect$$$$00000004))
<BR><BR>[Called By]<UL><LI><a href="#[4d]">&gt;&gt;</a>&nbsp;&nbsp;&nbsp;__scatterload
</UL>

<P><STRONG><a name="[11f]"></a>_main_clock</STRONG> (Thumb, 0 bytes, Stack size unknown bytes, entry7b.o(.ARM.Collect$$$$00000008))

<P><STRONG><a name="[120]"></a>_main_cpp_init</STRONG> (Thumb, 0 bytes, Stack size unknown bytes, entry8b.o(.ARM.Collect$$$$0000000A))

<P><STRONG><a name="[121]"></a>_main_init</STRONG> (Thumb, 0 bytes, Stack size unknown bytes, entry9a.o(.ARM.Collect$$$$0000000B))

<P><STRONG><a name="[122]"></a>__rt_final_cpp</STRONG> (Thumb, 0 bytes, Stack size unknown bytes, entry10a.o(.ARM.Collect$$$$0000000D))

<P><STRONG><a name="[123]"></a>__rt_final_exit</STRONG> (Thumb, 0 bytes, Stack size unknown bytes, entry11a.o(.ARM.Collect$$$$0000000F))

<P><STRONG><a name="[1]"></a>Reset_Handler</STRONG> (Thumb, 8 bytes, Stack size 0 bytes, startup_stm32f411xe.o(.text))
<BR>[Address Reference Count : 1]<UL><LI> startup_stm32f411xe.o(RESET)
</UL>
<P><STRONG><a name="[1d]"></a>ADC_IRQHandler</STRONG> (Thumb, 0 bytes, Stack size 0 bytes, startup_stm32f411xe.o(.text))
<BR><BR>[Calls]<UL><LI><a href="#[1d]">&gt;&gt;</a>&nbsp;&nbsp;&nbsp;ADC_IRQHandler
</UL>
<BR>[Called By]<UL><LI><a href="#[1d]">&gt;&gt;</a>&nbsp;&nbsp;&nbsp;ADC_IRQHandler
</UL>
<BR>[Address Reference Count : 1]<UL><LI> startup_stm32f411xe.o(RESET)
</UL>
<P><STRONG><a name="[16]"></a>DMA1_Stream0_IRQHandler</STRONG> (Thumb, 0 bytes, Stack size 0 bytes, startup_stm32f411xe.o(.text))
<BR>[Address Reference Count : 1]<UL><LI> startup_stm32f411xe.o(RESET)
</UL>
<P><STRONG><a name="[17]"></a>DMA1_Stream1_IRQHandler</STRONG> (Thumb, 0 bytes, Stack size 0 bytes, startup_stm32f411xe.o(.text))
<BR>[Address Reference Count : 1]<UL><LI> startup_stm32f411xe.o(RESET)
</UL>
<P><STRONG><a name="[18]"></a>DMA1_Stream2_IRQHandler</STRONG> (Thumb, 0 bytes, Stack size 0 bytes, startup_stm32f411xe.o(.text))
<BR>[Address Reference Count : 1]<UL><LI> startup_stm32f411xe.o(RESET)
</UL>
<P><STRONG><a name="[19]"></a>DMA1_Stream3_IRQHandler</STRONG> (Thumb, 0 bytes, Stack size 0 bytes, startup_stm32f411xe.o(.text))
<BR>[Address Reference Count : 1]<UL><LI> startup_stm32f411xe.o(RESET)
</UL>
<P><STRONG><a name="[1a]"></a>DMA1_Stream4_IRQHandler</STRONG> (Thumb, 0 bytes, Stack size 0 bytes, startup_stm32f411xe.o(.text))
<BR>[Address Reference Count : 1]<UL><LI> startup_stm32f411xe.o(RESET)
</UL>
<P><STRONG><a name="[1b]"></a>DMA1_Stream5_IRQHandler</STRONG> (Thumb, 0 bytes, Stack size 0 bytes, startup_stm32f411xe.o(.text))
<BR>[Address Reference Count : 1]<UL><LI> startup_stm32f411xe.o(RESET)
</UL>
<P><STRONG><a name="[1c]"></a>DMA1_Stream6_IRQHandler</STRONG> (Thumb, 0 bytes, Stack size 0 bytes, startup_stm32f411xe.o(.text))
<BR>[Address Reference Count : 1]<UL><LI> startup_stm32f411xe.o(RESET)
</UL>
<P><STRONG><a name="[31]"></a>DMA1_Stream7_IRQHandler</STRONG> (Thumb, 0 bytes, Stack size 0 bytes, startup_stm32f411xe.o(.text))
<BR>[Address Reference Count : 1]<UL><LI> startup_stm32f411xe.o(RESET)
</UL>
<P><STRONG><a name="[35]"></a>DMA2_Stream0_IRQHandler</STRONG> (Thumb, 0 bytes, Stack size 0 bytes, startup_stm32f411xe.o(.text))
<BR>[Address Reference Count : 1]<UL><LI> startup_stm32f411xe.o(RESET)
</UL>
<P><STRONG><a name="[37]"></a>DMA2_Stream2_IRQHandler</STRONG> (Thumb, 0 bytes, Stack size 0 bytes, startup_stm32f411xe.o(.text))
<BR>[Address Reference Count : 1]<UL><LI> startup_stm32f411xe.o(RESET)
</UL>
<P><STRONG><a name="[38]"></a>DMA2_Stream3_IRQHandler</STRONG> (Thumb, 0 bytes, Stack size 0 bytes, startup_stm32f411xe.o(.text))
<BR>[Address Reference Count : 1]<UL><LI> startup_stm32f411xe.o(RESET)
</UL>
<P><STRONG><a name="[39]"></a>DMA2_Stream4_IRQHandler</STRONG> (Thumb, 0 bytes, Stack size 0 bytes, startup_stm32f411xe.o(.text))
<BR>[Address Reference Count : 1]<UL><LI> startup_stm32f411xe.o(RESET)
</UL>
<P><STRONG><a name="[3b]"></a>DMA2_Stream5_IRQHandler</STRONG> (Thumb, 0 bytes, Stack size 0 bytes, startup_stm32f411xe.o(.text))
<BR>[Address Reference Count : 1]<UL><LI> startup_stm32f411xe.o(RESET)
</UL>
<P><STRONG><a name="[3c]"></a>DMA2_Stream6_IRQHandler</STRONG> (Thumb, 0 bytes, Stack size 0 bytes, startup_stm32f411xe.o(.text))
<BR>[Address Reference Count : 1]<UL><LI> startup_stm32f411xe.o(RESET)
</UL>
<P><STRONG><a name="[3d]"></a>DMA2_Stream7_IRQHandler</STRONG> (Thumb, 0 bytes, Stack size 0 bytes, startup_stm32f411xe.o(.text))
<BR>[Address Reference Count : 1]<UL><LI> startup_stm32f411xe.o(RESET)
</UL>
<P><STRONG><a name="[11]"></a>EXTI0_IRQHandler</STRONG> (Thumb, 0 bytes, Stack size 0 bytes, startup_stm32f411xe.o(.text))
<BR>[Address Reference Count : 1]<UL><LI> startup_stm32f411xe.o(RESET)
</UL>
<P><STRONG><a name="[2e]"></a>EXTI15_10_IRQHandler</STRONG> (Thumb, 0 bytes, Stack size 0 bytes, startup_stm32f411xe.o(.text))
<BR>[Address Reference Count : 1]<UL><LI> startup_stm32f411xe.o(RESET)
</UL>
<P><STRONG><a name="[12]"></a>EXTI1_IRQHandler</STRONG> (Thumb, 0 bytes, Stack size 0 bytes, startup_stm32f411xe.o(.text))
<BR>[Address Reference Count : 1]<UL><LI> startup_stm32f411xe.o(RESET)
</UL>
<P><STRONG><a name="[13]"></a>EXTI2_IRQHandler</STRONG> (Thumb, 0 bytes, Stack size 0 bytes, startup_stm32f411xe.o(.text))
<BR>[Address Reference Count : 1]<UL><LI> startup_stm32f411xe.o(RESET)
</UL>
<P><STRONG><a name="[14]"></a>EXTI3_IRQHandler</STRONG> (Thumb, 0 bytes, Stack size 0 bytes, startup_stm32f411xe.o(.text))
<BR>[Address Reference Count : 1]<UL><LI> startup_stm32f411xe.o(RESET)
</UL>
<P><STRONG><a name="[15]"></a>EXTI4_IRQHandler</STRONG> (Thumb, 0 bytes, Stack size 0 bytes, startup_stm32f411xe.o(.text))
<BR>[Address Reference Count : 1]<UL><LI> startup_stm32f411xe.o(RESET)
</UL>
<P><STRONG><a name="[f]"></a>FLASH_IRQHandler</STRONG> (Thumb, 0 bytes, Stack size 0 bytes, startup_stm32f411xe.o(.text))
<BR>[Address Reference Count : 1]<UL><LI> startup_stm32f411xe.o(RESET)
</UL>
<P><STRONG><a name="[41]"></a>FPU_IRQHandler</STRONG> (Thumb, 0 bytes, Stack size 0 bytes, startup_stm32f411xe.o(.text))
<BR>[Address Reference Count : 1]<UL><LI> startup_stm32f411xe.o(RESET)
</UL>
<P><STRONG><a name="[27]"></a>I2C1_ER_IRQHandler</STRONG> (Thumb, 0 bytes, Stack size 0 bytes, startup_stm32f411xe.o(.text))
<BR>[Address Reference Count : 1]<UL><LI> startup_stm32f411xe.o(RESET)
</UL>
<P><STRONG><a name="[26]"></a>I2C1_EV_IRQHandler</STRONG> (Thumb, 0 bytes, Stack size 0 bytes, startup_stm32f411xe.o(.text))
<BR>[Address Reference Count : 1]<UL><LI> startup_stm32f411xe.o(RESET)
</UL>
<P><STRONG><a name="[29]"></a>I2C2_ER_IRQHandler</STRONG> (Thumb, 0 bytes, Stack size 0 bytes, startup_stm32f411xe.o(.text))
<BR>[Address Reference Count : 1]<UL><LI> startup_stm32f411xe.o(RESET)
</UL>
<P><STRONG><a name="[28]"></a>I2C2_EV_IRQHandler</STRONG> (Thumb, 0 bytes, Stack size 0 bytes, startup_stm32f411xe.o(.text))
<BR>[Address Reference Count : 1]<UL><LI> startup_stm32f411xe.o(RESET)
</UL>
<P><STRONG><a name="[40]"></a>I2C3_ER_IRQHandler</STRONG> (Thumb, 0 bytes, Stack size 0 bytes, startup_stm32f411xe.o(.text))
<BR>[Address Reference Count : 1]<UL><LI> startup_stm32f411xe.o(RESET)
</UL>
<P><STRONG><a name="[3f]"></a>I2C3_EV_IRQHandler</STRONG> (Thumb, 0 bytes, Stack size 0 bytes, startup_stm32f411xe.o(.text))
<BR>[Address Reference Count : 1]<UL><LI> startup_stm32f411xe.o(RESET)
</UL>
<P><STRONG><a name="[3a]"></a>OTG_FS_IRQHandler</STRONG> (Thumb, 0 bytes, Stack size 0 bytes, startup_stm32f411xe.o(.text))
<BR>[Address Reference Count : 1]<UL><LI> startup_stm32f411xe.o(RESET)
</UL>
<P><STRONG><a name="[30]"></a>OTG_FS_WKUP_IRQHandler</STRONG> (Thumb, 0 bytes, Stack size 0 bytes, startup_stm32f411xe.o(.text))
<BR>[Address Reference Count : 1]<UL><LI> startup_stm32f411xe.o(RESET)
</UL>
<P><STRONG><a name="[c]"></a>PVD_IRQHandler</STRONG> (Thumb, 0 bytes, Stack size 0 bytes, startup_stm32f411xe.o(.text))
<BR>[Address Reference Count : 1]<UL><LI> startup_stm32f411xe.o(RESET)
</UL>
<P><STRONG><a name="[10]"></a>RCC_IRQHandler</STRONG> (Thumb, 0 bytes, Stack size 0 bytes, startup_stm32f411xe.o(.text))
<BR>[Address Reference Count : 1]<UL><LI> startup_stm32f411xe.o(RESET)
</UL>
<P><STRONG><a name="[2f]"></a>RTC_Alarm_IRQHandler</STRONG> (Thumb, 0 bytes, Stack size 0 bytes, startup_stm32f411xe.o(.text))
<BR>[Address Reference Count : 1]<UL><LI> startup_stm32f411xe.o(RESET)
</UL>
<P><STRONG><a name="[e]"></a>RTC_WKUP_IRQHandler</STRONG> (Thumb, 0 bytes, Stack size 0 bytes, startup_stm32f411xe.o(.text))
<BR>[Address Reference Count : 1]<UL><LI> startup_stm32f411xe.o(RESET)
</UL>
<P><STRONG><a name="[32]"></a>SDIO_IRQHandler</STRONG> (Thumb, 0 bytes, Stack size 0 bytes, startup_stm32f411xe.o(.text))
<BR>[Address Reference Count : 1]<UL><LI> startup_stm32f411xe.o(RESET)
</UL>
<P><STRONG><a name="[2a]"></a>SPI1_IRQHandler</STRONG> (Thumb, 0 bytes, Stack size 0 bytes, startup_stm32f411xe.o(.text))
<BR>[Address Reference Count : 1]<UL><LI> startup_stm32f411xe.o(RESET)
</UL>
<P><STRONG><a name="[2b]"></a>SPI2_IRQHandler</STRONG> (Thumb, 0 bytes, Stack size 0 bytes, startup_stm32f411xe.o(.text))
<BR>[Address Reference Count : 1]<UL><LI> startup_stm32f411xe.o(RESET)
</UL>
<P><STRONG><a name="[34]"></a>SPI3_IRQHandler</STRONG> (Thumb, 0 bytes, Stack size 0 bytes, startup_stm32f411xe.o(.text))
<BR>[Address Reference Count : 1]<UL><LI> startup_stm32f411xe.o(RESET)
</UL>
<P><STRONG><a name="[42]"></a>SPI4_IRQHandler</STRONG> (Thumb, 0 bytes, Stack size 0 bytes, startup_stm32f411xe.o(.text))
<BR>[Address Reference Count : 1]<UL><LI> startup_stm32f411xe.o(RESET)
</UL>
<P><STRONG><a name="[43]"></a>SPI5_IRQHandler</STRONG> (Thumb, 0 bytes, Stack size 0 bytes, startup_stm32f411xe.o(.text))
<BR>[Address Reference Count : 1]<UL><LI> startup_stm32f411xe.o(RESET)
</UL>
<P><STRONG><a name="[d]"></a>TAMP_STAMP_IRQHandler</STRONG> (Thumb, 0 bytes, Stack size 0 bytes, startup_stm32f411xe.o(.text))
<BR>[Address Reference Count : 1]<UL><LI> startup_stm32f411xe.o(RESET)
</UL>
<P><STRONG><a name="[1f]"></a>TIM1_BRK_TIM9_IRQHandler</STRONG> (Thumb, 0 bytes, Stack size 0 bytes, startup_stm32f411xe.o(.text))
<BR>[Address Reference Count : 1]<UL><LI> startup_stm32f411xe.o(RESET)
</UL>
<P><STRONG><a name="[21]"></a>TIM1_TRG_COM_TIM11_IRQHandler</STRONG> (Thumb, 0 bytes, Stack size 0 bytes, startup_stm32f411xe.o(.text))
<BR>[Address Reference Count : 1]<UL><LI> startup_stm32f411xe.o(RESET)
</UL>
<P><STRONG><a name="[20]"></a>TIM1_UP_TIM10_IRQHandler</STRONG> (Thumb, 0 bytes, Stack size 0 bytes, startup_stm32f411xe.o(.text))
<BR>[Address Reference Count : 1]<UL><LI> startup_stm32f411xe.o(RESET)
</UL>
<P><STRONG><a name="[24]"></a>TIM3_IRQHandler</STRONG> (Thumb, 0 bytes, Stack size 0 bytes, startup_stm32f411xe.o(.text))
<BR>[Address Reference Count : 1]<UL><LI> startup_stm32f411xe.o(RESET)
</UL>
<P><STRONG><a name="[25]"></a>TIM4_IRQHandler</STRONG> (Thumb, 0 bytes, Stack size 0 bytes, startup_stm32f411xe.o(.text))
<BR>[Address Reference Count : 1]<UL><LI> startup_stm32f411xe.o(RESET)
</UL>
<P><STRONG><a name="[33]"></a>TIM5_IRQHandler</STRONG> (Thumb, 0 bytes, Stack size 0 bytes, startup_stm32f411xe.o(.text))
<BR>[Address Reference Count : 1]<UL><LI> startup_stm32f411xe.o(RESET)
</UL>
<P><STRONG><a name="[2d]"></a>USART2_IRQHandler</STRONG> (Thumb, 0 bytes, Stack size 0 bytes, startup_stm32f411xe.o(.text))
<BR>[Address Reference Count : 1]<UL><LI> startup_stm32f411xe.o(RESET)
</UL>
<P><STRONG><a name="[b]"></a>WWDG_IRQHandler</STRONG> (Thumb, 0 bytes, Stack size 0 bytes, startup_stm32f411xe.o(.text))
<BR>[Address Reference Count : 1]<UL><LI> startup_stm32f411xe.o(RESET)
</UL>
<P><STRONG><a name="[4e]"></a>__aeabi_uldivmod</STRONG> (Thumb, 98 bytes, Stack size 40 bytes, uldiv.o(.text))
<BR><BR>[Stack]<UL><LI>Max Depth = 40<LI>Call Chain = __aeabi_uldivmod
</UL>
<BR>[Calls]<UL><LI><a href="#[4f]">&gt;&gt;</a>&nbsp;&nbsp;&nbsp;__aeabi_llsr
<LI><a href="#[50]">&gt;&gt;</a>&nbsp;&nbsp;&nbsp;__aeabi_llsl
</UL>
<BR>[Called By]<UL><LI><a href="#[8c]">&gt;&gt;</a>&nbsp;&nbsp;&nbsp;HAL_RCC_GetSysClockFreq
<LI><a href="#[b5]">&gt;&gt;</a>&nbsp;&nbsp;&nbsp;UART_SetConfig
<LI><a href="#[e0]">&gt;&gt;</a>&nbsp;&nbsp;&nbsp;_printf_core
<LI><a href="#[f1]">&gt;&gt;</a>&nbsp;&nbsp;&nbsp;_fp_digits
</UL>

<P><STRONG><a name="[52]"></a>__aeabi_memset</STRONG> (Thumb, 14 bytes, Stack size 0 bytes, memseta.o(.text))
<BR><BR>[Called By]<UL><LI><a href="#[102]">&gt;&gt;</a>&nbsp;&nbsp;&nbsp;dmp_enable_lp_quat
<LI><a href="#[f5]">&gt;&gt;</a>&nbsp;&nbsp;&nbsp;dmp_enable_6x_lp_quat
<LI><a href="#[53]">&gt;&gt;</a>&nbsp;&nbsp;&nbsp;_memset$wrapper
<LI><a href="#[51]">&gt;&gt;</a>&nbsp;&nbsp;&nbsp;__aeabi_memclr
</UL>

<P><STRONG><a name="[124]"></a>__aeabi_memset4</STRONG> (Thumb, 0 bytes, Stack size 0 bytes, memseta.o(.text), UNUSED)

<P><STRONG><a name="[125]"></a>__aeabi_memset8</STRONG> (Thumb, 0 bytes, Stack size 0 bytes, memseta.o(.text), UNUSED)

<P><STRONG><a name="[51]"></a>__aeabi_memclr</STRONG> (Thumb, 4 bytes, Stack size 0 bytes, memseta.o(.text))
<BR><BR>[Calls]<UL><LI><a href="#[52]">&gt;&gt;</a>&nbsp;&nbsp;&nbsp;__aeabi_memset
</UL>
<BR>[Called By]<UL><LI><a href="#[d7]">&gt;&gt;</a>&nbsp;&nbsp;&nbsp;Mean_Filter
</UL>

<P><STRONG><a name="[a0]"></a>__aeabi_memclr4</STRONG> (Thumb, 0 bytes, Stack size 0 bytes, memseta.o(.text))
<BR><BR>[Called By]<UL><LI><a href="#[b4]">&gt;&gt;</a>&nbsp;&nbsp;&nbsp;HAL_UART_MspInit
<LI><a href="#[9f]">&gt;&gt;</a>&nbsp;&nbsp;&nbsp;HAL_TIM_MspPostInit
<LI><a href="#[d1]">&gt;&gt;</a>&nbsp;&nbsp;&nbsp;MX_TIM1_Init
<LI><a href="#[d0]">&gt;&gt;</a>&nbsp;&nbsp;&nbsp;MX_GPIO_Init
<LI><a href="#[d9]">&gt;&gt;</a>&nbsp;&nbsp;&nbsp;SystemClock_Config
<LI><a href="#[bd]">&gt;&gt;</a>&nbsp;&nbsp;&nbsp;MPU_IIC_Init
</UL>

<P><STRONG><a name="[126]"></a>__aeabi_memclr8</STRONG> (Thumb, 0 bytes, Stack size 0 bytes, memseta.o(.text), UNUSED)

<P><STRONG><a name="[53]"></a>_memset$wrapper</STRONG> (Thumb, 18 bytes, Stack size 8 bytes, memseta.o(.text), UNUSED)
<BR><BR>[Calls]<UL><LI><a href="#[52]">&gt;&gt;</a>&nbsp;&nbsp;&nbsp;__aeabi_memset
</UL>

<P><STRONG><a name="[11b]"></a>memcmp</STRONG> (Thumb, 26 bytes, Stack size 12 bytes, memcmp.o(.text))
<BR><BR>[Stack]<UL><LI>Max Depth = 12<LI>Call Chain = memcmp
</UL>
<BR>[Called By]<UL><LI><a href="#[104]">&gt;&gt;</a>&nbsp;&nbsp;&nbsp;mpu_load_firmware
</UL>

<P><STRONG><a name="[54]"></a>__aeabi_dadd</STRONG> (Thumb, 322 bytes, Stack size 48 bytes, dadd.o(.text))
<BR><BR>[Stack]<UL><LI>Max Depth = 88<LI>Call Chain = __aeabi_dadd &rArr; _double_epilogue &rArr; _double_round
</UL>
<BR>[Calls]<UL><LI><a href="#[55]">&gt;&gt;</a>&nbsp;&nbsp;&nbsp;__aeabi_lasr
<LI><a href="#[50]">&gt;&gt;</a>&nbsp;&nbsp;&nbsp;__aeabi_llsl
<LI><a href="#[57]">&gt;&gt;</a>&nbsp;&nbsp;&nbsp;_double_round
<LI><a href="#[56]">&gt;&gt;</a>&nbsp;&nbsp;&nbsp;_double_epilogue
</UL>
<BR>[Called By]<UL><LI><a href="#[69]">&gt;&gt;</a>&nbsp;&nbsp;&nbsp;Get_Elrs
<LI><a href="#[79]">&gt;&gt;</a>&nbsp;&nbsp;&nbsp;__hardfp_pow
<LI><a href="#[58]">&gt;&gt;</a>&nbsp;&nbsp;&nbsp;__aeabi_dsub
<LI><a href="#[59]">&gt;&gt;</a>&nbsp;&nbsp;&nbsp;__aeabi_drsub
<LI><a href="#[e1]">&gt;&gt;</a>&nbsp;&nbsp;&nbsp;__hardfp_asin
<LI><a href="#[e7]">&gt;&gt;</a>&nbsp;&nbsp;&nbsp;__kernel_poly
<LI><a href="#[eb]">&gt;&gt;</a>&nbsp;&nbsp;&nbsp;__mathlib_dbl_infnan2
<LI><a href="#[e2]">&gt;&gt;</a>&nbsp;&nbsp;&nbsp;__mathlib_dbl_infnan
<LI><a href="#[ea]">&gt;&gt;</a>&nbsp;&nbsp;&nbsp;__hardfp_atan
<LI><a href="#[f1]">&gt;&gt;</a>&nbsp;&nbsp;&nbsp;_fp_digits
</UL>

<P><STRONG><a name="[58]"></a>__aeabi_dsub</STRONG> (Thumb, 6 bytes, Stack size 0 bytes, dadd.o(.text))
<BR><BR>[Stack]<UL><LI>Max Depth = 88<LI>Call Chain = __aeabi_dsub &rArr; __aeabi_dadd &rArr; _double_epilogue &rArr; _double_round
</UL>
<BR>[Calls]<UL><LI><a href="#[54]">&gt;&gt;</a>&nbsp;&nbsp;&nbsp;__aeabi_dadd
</UL>
<BR>[Called By]<UL><LI><a href="#[79]">&gt;&gt;</a>&nbsp;&nbsp;&nbsp;__hardfp_pow
<LI><a href="#[78]">&gt;&gt;</a>&nbsp;&nbsp;&nbsp;__hardfp_atan2
<LI><a href="#[e1]">&gt;&gt;</a>&nbsp;&nbsp;&nbsp;__hardfp_asin
<LI><a href="#[ea]">&gt;&gt;</a>&nbsp;&nbsp;&nbsp;__hardfp_atan
</UL>

<P><STRONG><a name="[59]"></a>__aeabi_drsub</STRONG> (Thumb, 6 bytes, Stack size 0 bytes, dadd.o(.text))
<BR><BR>[Stack]<UL><LI>Max Depth = 88<LI>Call Chain = __aeabi_drsub &rArr; __aeabi_dadd &rArr; _double_epilogue &rArr; _double_round
</UL>
<BR>[Calls]<UL><LI><a href="#[54]">&gt;&gt;</a>&nbsp;&nbsp;&nbsp;__aeabi_dadd
</UL>
<BR>[Called By]<UL><LI><a href="#[79]">&gt;&gt;</a>&nbsp;&nbsp;&nbsp;__hardfp_pow
<LI><a href="#[78]">&gt;&gt;</a>&nbsp;&nbsp;&nbsp;__hardfp_atan2
<LI><a href="#[e1]">&gt;&gt;</a>&nbsp;&nbsp;&nbsp;__hardfp_asin
<LI><a href="#[ea]">&gt;&gt;</a>&nbsp;&nbsp;&nbsp;__hardfp_atan
</UL>

<P><STRONG><a name="[5a]"></a>__aeabi_dmul</STRONG> (Thumb, 228 bytes, Stack size 48 bytes, dmul.o(.text))
<BR><BR>[Stack]<UL><LI>Max Depth = 88<LI>Call Chain = __aeabi_dmul &rArr; _double_epilogue &rArr; _double_round
</UL>
<BR>[Calls]<UL><LI><a href="#[56]">&gt;&gt;</a>&nbsp;&nbsp;&nbsp;_double_epilogue
</UL>
<BR>[Called By]<UL><LI><a href="#[bb]">&gt;&gt;</a>&nbsp;&nbsp;&nbsp;mpu_dmp_get_data
<LI><a href="#[79]">&gt;&gt;</a>&nbsp;&nbsp;&nbsp;__hardfp_pow
<LI><a href="#[e1]">&gt;&gt;</a>&nbsp;&nbsp;&nbsp;__hardfp_asin
<LI><a href="#[e7]">&gt;&gt;</a>&nbsp;&nbsp;&nbsp;__kernel_poly
<LI><a href="#[e6]">&gt;&gt;</a>&nbsp;&nbsp;&nbsp;__mathlib_dbl_underflow
<LI><a href="#[ee]">&gt;&gt;</a>&nbsp;&nbsp;&nbsp;__mathlib_dbl_overflow
<LI><a href="#[ea]">&gt;&gt;</a>&nbsp;&nbsp;&nbsp;__hardfp_atan
<LI><a href="#[f1]">&gt;&gt;</a>&nbsp;&nbsp;&nbsp;_fp_digits
</UL>

<P><STRONG><a name="[5b]"></a>__aeabi_ddiv</STRONG> (Thumb, 222 bytes, Stack size 32 bytes, ddiv.o(.text))
<BR><BR>[Stack]<UL><LI>Max Depth = 40<LI>Call Chain = __aeabi_ddiv &rArr; _double_round
</UL>
<BR>[Calls]<UL><LI><a href="#[57]">&gt;&gt;</a>&nbsp;&nbsp;&nbsp;_double_round
</UL>
<BR>[Called By]<UL><LI><a href="#[79]">&gt;&gt;</a>&nbsp;&nbsp;&nbsp;__hardfp_pow
<LI><a href="#[78]">&gt;&gt;</a>&nbsp;&nbsp;&nbsp;__hardfp_atan2
<LI><a href="#[e1]">&gt;&gt;</a>&nbsp;&nbsp;&nbsp;__hardfp_asin
<LI><a href="#[e4]">&gt;&gt;</a>&nbsp;&nbsp;&nbsp;__mathlib_dbl_invalid
<LI><a href="#[ed]">&gt;&gt;</a>&nbsp;&nbsp;&nbsp;__mathlib_dbl_divzero
<LI><a href="#[ea]">&gt;&gt;</a>&nbsp;&nbsp;&nbsp;__hardfp_atan
<LI><a href="#[f1]">&gt;&gt;</a>&nbsp;&nbsp;&nbsp;_fp_digits
</UL>

<P><STRONG><a name="[5c]"></a>__aeabi_i2d</STRONG> (Thumb, 34 bytes, Stack size 16 bytes, dflti.o(.text))
<BR><BR>[Stack]<UL><LI>Max Depth = 56<LI>Call Chain = __aeabi_i2d &rArr; _double_epilogue &rArr; _double_round
</UL>
<BR>[Calls]<UL><LI><a href="#[56]">&gt;&gt;</a>&nbsp;&nbsp;&nbsp;_double_epilogue
</UL>
<BR>[Called By]<UL><LI><a href="#[79]">&gt;&gt;</a>&nbsp;&nbsp;&nbsp;__hardfp_pow
</UL>

<P><STRONG><a name="[77]"></a>__aeabi_f2d</STRONG> (Thumb, 38 bytes, Stack size 0 bytes, f2d.o(.text))
<BR><BR>[Called By]<UL><LI><a href="#[bb]">&gt;&gt;</a>&nbsp;&nbsp;&nbsp;mpu_dmp_get_data
<LI><a href="#[71]">&gt;&gt;</a>&nbsp;&nbsp;&nbsp;Turn_Off
<LI><a href="#[73]">&gt;&gt;</a>&nbsp;&nbsp;&nbsp;Get_Zhongzhi
<LI><a href="#[69]">&gt;&gt;</a>&nbsp;&nbsp;&nbsp;Get_Elrs
</UL>

<P><STRONG><a name="[5d]"></a>__aeabi_d2f</STRONG> (Thumb, 56 bytes, Stack size 8 bytes, d2f.o(.text))
<BR><BR>[Stack]<UL><LI>Max Depth = 8<LI>Call Chain = __aeabi_d2f
</UL>
<BR>[Calls]<UL><LI><a href="#[5e]">&gt;&gt;</a>&nbsp;&nbsp;&nbsp;_float_round
</UL>
<BR>[Called By]<UL><LI><a href="#[bb]">&gt;&gt;</a>&nbsp;&nbsp;&nbsp;mpu_dmp_get_data
<LI><a href="#[69]">&gt;&gt;</a>&nbsp;&nbsp;&nbsp;Get_Elrs
</UL>

<P><STRONG><a name="[127]"></a>__aeabi_uidiv</STRONG> (Thumb, 0 bytes, Stack size 12 bytes, uidiv.o(.text), UNUSED)

<P><STRONG><a name="[f4]"></a>__aeabi_uidivmod</STRONG> (Thumb, 44 bytes, Stack size 12 bytes, uidiv.o(.text), UNUSED)
<BR><BR>[Called By]<UL><LI><a href="#[e0]">&gt;&gt;</a>&nbsp;&nbsp;&nbsp;_printf_core
</UL>

<P><STRONG><a name="[50]"></a>__aeabi_llsl</STRONG> (Thumb, 30 bytes, Stack size 0 bytes, llshl.o(.text))
<BR><BR>[Called By]<UL><LI><a href="#[54]">&gt;&gt;</a>&nbsp;&nbsp;&nbsp;__aeabi_dadd
<LI><a href="#[4e]">&gt;&gt;</a>&nbsp;&nbsp;&nbsp;__aeabi_uldivmod
<LI><a href="#[56]">&gt;&gt;</a>&nbsp;&nbsp;&nbsp;_double_epilogue
<LI><a href="#[60]">&gt;&gt;</a>&nbsp;&nbsp;&nbsp;__aeabi_d2ulz
</UL>

<P><STRONG><a name="[128]"></a>_ll_shift_l</STRONG> (Thumb, 0 bytes, Stack size 0 bytes, llshl.o(.text), UNUSED)

<P><STRONG><a name="[4f]"></a>__aeabi_llsr</STRONG> (Thumb, 32 bytes, Stack size 0 bytes, llushr.o(.text))
<BR><BR>[Called By]<UL><LI><a href="#[4e]">&gt;&gt;</a>&nbsp;&nbsp;&nbsp;__aeabi_uldivmod
<LI><a href="#[5f]">&gt;&gt;</a>&nbsp;&nbsp;&nbsp;_dsqrt
<LI><a href="#[56]">&gt;&gt;</a>&nbsp;&nbsp;&nbsp;_double_epilogue
<LI><a href="#[60]">&gt;&gt;</a>&nbsp;&nbsp;&nbsp;__aeabi_d2ulz
</UL>

<P><STRONG><a name="[129]"></a>_ll_ushift_r</STRONG> (Thumb, 0 bytes, Stack size 0 bytes, llushr.o(.text), UNUSED)

<P><STRONG><a name="[55]"></a>__aeabi_lasr</STRONG> (Thumb, 36 bytes, Stack size 0 bytes, llsshr.o(.text))
<BR><BR>[Called By]<UL><LI><a href="#[54]">&gt;&gt;</a>&nbsp;&nbsp;&nbsp;__aeabi_dadd
</UL>

<P><STRONG><a name="[12a]"></a>_ll_sshift_r</STRONG> (Thumb, 0 bytes, Stack size 0 bytes, llsshr.o(.text), UNUSED)

<P><STRONG><a name="[12b]"></a>__I$use$fp</STRONG> (Thumb, 0 bytes, Stack size 0 bytes, iusefp.o(.text), UNUSED)

<P><STRONG><a name="[5e]"></a>_float_round</STRONG> (Thumb, 18 bytes, Stack size 0 bytes, fepilogue.o(.text))
<BR><BR>[Called By]<UL><LI><a href="#[5d]">&gt;&gt;</a>&nbsp;&nbsp;&nbsp;__aeabi_d2f
</UL>

<P><STRONG><a name="[12c]"></a>_float_epilogue</STRONG> (Thumb, 92 bytes, Stack size 4 bytes, fepilogue.o(.text), UNUSED)

<P><STRONG><a name="[57]"></a>_double_round</STRONG> (Thumb, 30 bytes, Stack size 8 bytes, depilogue.o(.text))
<BR><BR>[Stack]<UL><LI>Max Depth = 8<LI>Call Chain = _double_round
</UL>
<BR>[Called By]<UL><LI><a href="#[5b]">&gt;&gt;</a>&nbsp;&nbsp;&nbsp;__aeabi_ddiv
<LI><a href="#[54]">&gt;&gt;</a>&nbsp;&nbsp;&nbsp;__aeabi_dadd
<LI><a href="#[5f]">&gt;&gt;</a>&nbsp;&nbsp;&nbsp;_dsqrt
<LI><a href="#[56]">&gt;&gt;</a>&nbsp;&nbsp;&nbsp;_double_epilogue
</UL>

<P><STRONG><a name="[56]"></a>_double_epilogue</STRONG> (Thumb, 156 bytes, Stack size 32 bytes, depilogue.o(.text))
<BR><BR>[Stack]<UL><LI>Max Depth = 40<LI>Call Chain = _double_epilogue &rArr; _double_round
</UL>
<BR>[Calls]<UL><LI><a href="#[4f]">&gt;&gt;</a>&nbsp;&nbsp;&nbsp;__aeabi_llsr
<LI><a href="#[50]">&gt;&gt;</a>&nbsp;&nbsp;&nbsp;__aeabi_llsl
<LI><a href="#[57]">&gt;&gt;</a>&nbsp;&nbsp;&nbsp;_double_round
</UL>
<BR>[Called By]<UL><LI><a href="#[5a]">&gt;&gt;</a>&nbsp;&nbsp;&nbsp;__aeabi_dmul
<LI><a href="#[5c]">&gt;&gt;</a>&nbsp;&nbsp;&nbsp;__aeabi_i2d
<LI><a href="#[54]">&gt;&gt;</a>&nbsp;&nbsp;&nbsp;__aeabi_dadd
</UL>

<P><STRONG><a name="[f0]"></a>__ARM_scalbn</STRONG> (Thumb, 46 bytes, Stack size 16 bytes, dscalb.o(.text))
<BR><BR>[Stack]<UL><LI>Max Depth = 16<LI>Call Chain = __ARM_scalbn
</UL>
<BR>[Called By]<UL><LI><a href="#[79]">&gt;&gt;</a>&nbsp;&nbsp;&nbsp;__hardfp_pow
</UL>

<P><STRONG><a name="[12d]"></a>scalbn</STRONG> (Thumb, 0 bytes, Stack size 16 bytes, dscalb.o(.text), UNUSED)

<P><STRONG><a name="[5f]"></a>_dsqrt</STRONG> (Thumb, 162 bytes, Stack size 32 bytes, dsqrt.o(.text))
<BR><BR>[Stack]<UL><LI>Max Depth = 40<LI>Call Chain = _dsqrt &rArr; _double_round
</UL>
<BR>[Calls]<UL><LI><a href="#[4f]">&gt;&gt;</a>&nbsp;&nbsp;&nbsp;__aeabi_llsr
<LI><a href="#[57]">&gt;&gt;</a>&nbsp;&nbsp;&nbsp;_double_round
</UL>
<BR>[Called By]<UL><LI><a href="#[e9]">&gt;&gt;</a>&nbsp;&nbsp;&nbsp;sqrt
<LI><a href="#[7a]">&gt;&gt;</a>&nbsp;&nbsp;&nbsp;__hardfp_sqrt
</UL>

<P><STRONG><a name="[60]"></a>__aeabi_d2ulz</STRONG> (Thumb, 48 bytes, Stack size 0 bytes, dfixul.o(.text), UNUSED)
<BR><BR>[Calls]<UL><LI><a href="#[4f]">&gt;&gt;</a>&nbsp;&nbsp;&nbsp;__aeabi_llsr
<LI><a href="#[50]">&gt;&gt;</a>&nbsp;&nbsp;&nbsp;__aeabi_llsl
</UL>
<BR>[Called By]<UL><LI><a href="#[f1]">&gt;&gt;</a>&nbsp;&nbsp;&nbsp;_fp_digits
</UL>

<P><STRONG><a name="[ef]"></a>__aeabi_cdrcmple</STRONG> (Thumb, 48 bytes, Stack size 0 bytes, cdrcmple.o(.text))
<BR><BR>[Called By]<UL><LI><a href="#[79]">&gt;&gt;</a>&nbsp;&nbsp;&nbsp;__hardfp_pow
<LI><a href="#[f1]">&gt;&gt;</a>&nbsp;&nbsp;&nbsp;_fp_digits
</UL>

<P><STRONG><a name="[4d]"></a>__scatterload</STRONG> (Thumb, 28 bytes, Stack size 0 bytes, init.o(.text))
<BR><BR>[Calls]<UL><LI><a href="#[61]">&gt;&gt;</a>&nbsp;&nbsp;&nbsp;__main_after_scatterload
</UL>
<BR>[Called By]<UL><LI><a href="#[4c]">&gt;&gt;</a>&nbsp;&nbsp;&nbsp;_main_scatterload
</UL>

<P><STRONG><a name="[12e]"></a>__scatterload_rt2</STRONG> (Thumb, 0 bytes, Stack size 0 bytes, init.o(.text), UNUSED)

<P><STRONG><a name="[5]"></a>BusFault_Handler</STRONG> (Thumb, 2 bytes, Stack size 0 bytes, stm32f4xx_it.o(i.BusFault_Handler))
<BR><BR>[Calls]<UL><LI><a href="#[5]">&gt;&gt;</a>&nbsp;&nbsp;&nbsp;BusFault_Handler
</UL>
<BR>[Called By]<UL><LI><a href="#[5]">&gt;&gt;</a>&nbsp;&nbsp;&nbsp;BusFault_Handler
</UL>
<BR>[Address Reference Count : 1]<UL><LI> startup_stm32f411xe.o(RESET)
</UL>
<P><STRONG><a name="[62]"></a>CRSF_Init</STRONG> (Thumb, 54 bytes, Stack size 16 bytes, crsf_parse.o(i.CRSF_Init))
<BR><BR>[Stack]<UL><LI>Max Depth = 84<LI>Call Chain = CRSF_Init &rArr; HAL_UARTEx_ReceiveToIdle_DMA &rArr; UART_Start_Receive_DMA &rArr; HAL_DMA_Start_IT &rArr; DMA_SetConfig
</UL>
<BR>[Calls]<UL><LI><a href="#[63]">&gt;&gt;</a>&nbsp;&nbsp;&nbsp;HAL_UARTEx_ReceiveToIdle_DMA
</UL>
<BR>[Called By]<UL><LI><a href="#[44]">&gt;&gt;</a>&nbsp;&nbsp;&nbsp;main
</UL>

<P><STRONG><a name="[64]"></a>CRSF_ProcessIdleIRQ</STRONG> (Thumb, 202 bytes, Stack size 40 bytes, crsf_parse.o(i.CRSF_ProcessIdleIRQ))
<BR><BR>[Stack]<UL><LI>Max Depth = 108<LI>Call Chain = CRSF_ProcessIdleIRQ &rArr; HAL_UARTEx_ReceiveToIdle_DMA &rArr; UART_Start_Receive_DMA &rArr; HAL_DMA_Start_IT &rArr; DMA_SetConfig
</UL>
<BR>[Calls]<UL><LI><a href="#[63]">&gt;&gt;</a>&nbsp;&nbsp;&nbsp;HAL_UARTEx_ReceiveToIdle_DMA
<LI><a href="#[65]">&gt;&gt;</a>&nbsp;&nbsp;&nbsp;CRSF_ParseChannel
</UL>
<BR>[Called By]<UL><LI><a href="#[3e]">&gt;&gt;</a>&nbsp;&nbsp;&nbsp;USART6_IRQHandler
</UL>

<P><STRONG><a name="[66]"></a>ControlLoopPackage</STRONG> (Thumb, 260 bytes, Stack size 40 bytes, control.o(i.ControlLoopPackage))
<BR><BR>[Stack]<UL><LI>Max Depth = 392<LI>Call Chain = ControlLoopPackage &rArr; Get_Elrs &rArr; __hardfp_pow &rArr; __kernel_poly &rArr; __aeabi_dmul &rArr; _double_epilogue &rArr; _double_round
</UL>
<BR>[Calls]<UL><LI><a href="#[6b]">&gt;&gt;</a>&nbsp;&nbsp;&nbsp;HAL_GPIO_WritePin
<LI><a href="#[67]">&gt;&gt;</a>&nbsp;&nbsp;&nbsp;HAL_GPIO_TogglePin
<LI><a href="#[6e]">&gt;&gt;</a>&nbsp;&nbsp;&nbsp;velocity
<LI><a href="#[6f]">&gt;&gt;</a>&nbsp;&nbsp;&nbsp;turn
<LI><a href="#[6a]">&gt;&gt;</a>&nbsp;&nbsp;&nbsp;click
<LI><a href="#[6d]">&gt;&gt;</a>&nbsp;&nbsp;&nbsp;balance
<LI><a href="#[70]">&gt;&gt;</a>&nbsp;&nbsp;&nbsp;Xianfu_Pwm
<LI><a href="#[71]">&gt;&gt;</a>&nbsp;&nbsp;&nbsp;Turn_Off
<LI><a href="#[72]">&gt;&gt;</a>&nbsp;&nbsp;&nbsp;Set_Pwm
<LI><a href="#[68]">&gt;&gt;</a>&nbsp;&nbsp;&nbsp;MPU6050_Data_read
<LI><a href="#[73]">&gt;&gt;</a>&nbsp;&nbsp;&nbsp;Get_Zhongzhi
<LI><a href="#[69]">&gt;&gt;</a>&nbsp;&nbsp;&nbsp;Get_Elrs
<LI><a href="#[6c]">&gt;&gt;</a>&nbsp;&nbsp;&nbsp;MPU_Get_Gyroscope
</UL>
<BR>[Called By]<UL><LI><a href="#[9b]">&gt;&gt;</a>&nbsp;&nbsp;&nbsp;HAL_TIM_PeriodElapsedCallback
</UL>

<P><STRONG><a name="[36]"></a>DMA2_Stream1_IRQHandler</STRONG> (Thumb, 6 bytes, Stack size 0 bytes, stm32f4xx_it.o(i.DMA2_Stream1_IRQHandler))
<BR><BR>[Stack]<UL><LI>Max Depth = 32<LI>Call Chain = DMA2_Stream1_IRQHandler &rArr; HAL_DMA_IRQHandler
</UL>
<BR>[Calls]<UL><LI><a href="#[74]">&gt;&gt;</a>&nbsp;&nbsp;&nbsp;HAL_DMA_IRQHandler
</UL>
<BR>[Address Reference Count : 1]<UL><LI> startup_stm32f411xe.o(RESET)
</UL>
<P><STRONG><a name="[8]"></a>DebugMon_Handler</STRONG> (Thumb, 2 bytes, Stack size 0 bytes, stm32f4xx_it.o(i.DebugMon_Handler))
<BR>[Address Reference Count : 1]<UL><LI> startup_stm32f411xe.o(RESET)
</UL>
<P><STRONG><a name="[1e]"></a>EXTI9_5_IRQHandler</STRONG> (Thumb, 6 bytes, Stack size 0 bytes, stm32f4xx_it.o(i.EXTI9_5_IRQHandler))
<BR><BR>[Stack]<UL><LI>Max Depth = 8<LI>Call Chain = EXTI9_5_IRQHandler &rArr; HAL_GPIO_EXTI_IRQHandler
</UL>
<BR>[Calls]<UL><LI><a href="#[75]">&gt;&gt;</a>&nbsp;&nbsp;&nbsp;HAL_GPIO_EXTI_IRQHandler
</UL>
<BR>[Address Reference Count : 1]<UL><LI> startup_stm32f411xe.o(RESET)
</UL>
<P><STRONG><a name="[b6]"></a>Error_Handler</STRONG> (Thumb, 4 bytes, Stack size 0 bytes, main.o(i.Error_Handler))
<BR><BR>[Called By]<UL><LI><a href="#[b4]">&gt;&gt;</a>&nbsp;&nbsp;&nbsp;HAL_UART_MspInit
<LI><a href="#[d6]">&gt;&gt;</a>&nbsp;&nbsp;&nbsp;MX_USART6_UART_Init
<LI><a href="#[d5]">&gt;&gt;</a>&nbsp;&nbsp;&nbsp;MX_USART1_UART_Init
<LI><a href="#[d4]">&gt;&gt;</a>&nbsp;&nbsp;&nbsp;MX_TIM2_Init
<LI><a href="#[d1]">&gt;&gt;</a>&nbsp;&nbsp;&nbsp;MX_TIM1_Init
</UL>

<P><STRONG><a name="[69]"></a>Get_Elrs</STRONG> (Thumb, 344 bytes, Stack size 48 bytes, control.o(i.Get_Elrs))
<BR><BR>[Stack]<UL><LI>Max Depth = 352<LI>Call Chain = Get_Elrs &rArr; __hardfp_pow &rArr; __kernel_poly &rArr; __aeabi_dmul &rArr; _double_epilogue &rArr; _double_round
</UL>
<BR>[Calls]<UL><LI><a href="#[77]">&gt;&gt;</a>&nbsp;&nbsp;&nbsp;__aeabi_f2d
<LI><a href="#[5d]">&gt;&gt;</a>&nbsp;&nbsp;&nbsp;__aeabi_d2f
<LI><a href="#[76]">&gt;&gt;</a>&nbsp;&nbsp;&nbsp;map
<LI><a href="#[54]">&gt;&gt;</a>&nbsp;&nbsp;&nbsp;__aeabi_dadd
<LI><a href="#[7a]">&gt;&gt;</a>&nbsp;&nbsp;&nbsp;__hardfp_sqrt
<LI><a href="#[79]">&gt;&gt;</a>&nbsp;&nbsp;&nbsp;__hardfp_pow
<LI><a href="#[78]">&gt;&gt;</a>&nbsp;&nbsp;&nbsp;__hardfp_atan2
</UL>
<BR>[Called By]<UL><LI><a href="#[66]">&gt;&gt;</a>&nbsp;&nbsp;&nbsp;ControlLoopPackage
</UL>

<P><STRONG><a name="[73]"></a>Get_Zhongzhi</STRONG> (Thumb, 176 bytes, Stack size 32 bytes, control.o(i.Get_Zhongzhi))
<BR><BR>[Stack]<UL><LI>Max Depth = 56<LI>Call Chain = Get_Zhongzhi &rArr; __2printf
</UL>
<BR>[Calls]<UL><LI><a href="#[6b]">&gt;&gt;</a>&nbsp;&nbsp;&nbsp;HAL_GPIO_WritePin
<LI><a href="#[77]">&gt;&gt;</a>&nbsp;&nbsp;&nbsp;__aeabi_f2d
<LI><a href="#[7b]">&gt;&gt;</a>&nbsp;&nbsp;&nbsp;__2printf
</UL>
<BR>[Called By]<UL><LI><a href="#[66]">&gt;&gt;</a>&nbsp;&nbsp;&nbsp;ControlLoopPackage
</UL>

<P><STRONG><a name="[7c]"></a>HAL_DMA_Abort</STRONG> (Thumb, 146 bytes, Stack size 24 bytes, stm32f4xx_hal_dma.o(i.HAL_DMA_Abort))
<BR><BR>[Stack]<UL><LI>Max Depth = 24<LI>Call Chain = HAL_DMA_Abort
</UL>
<BR>[Calls]<UL><LI><a href="#[7d]">&gt;&gt;</a>&nbsp;&nbsp;&nbsp;HAL_GetTick
</UL>
<BR>[Called By]<UL><LI><a href="#[ac]">&gt;&gt;</a>&nbsp;&nbsp;&nbsp;HAL_UART_IRQHandler
</UL>

<P><STRONG><a name="[af]"></a>HAL_DMA_Abort_IT</STRONG> (Thumb, 36 bytes, Stack size 0 bytes, stm32f4xx_hal_dma.o(i.HAL_DMA_Abort_IT))
<BR><BR>[Called By]<UL><LI><a href="#[ac]">&gt;&gt;</a>&nbsp;&nbsp;&nbsp;HAL_UART_IRQHandler
</UL>

<P><STRONG><a name="[74]"></a>HAL_DMA_IRQHandler</STRONG> (Thumb, 412 bytes, Stack size 32 bytes, stm32f4xx_hal_dma.o(i.HAL_DMA_IRQHandler))
<BR><BR>[Stack]<UL><LI>Max Depth = 32<LI>Call Chain = HAL_DMA_IRQHandler
</UL>
<BR>[Called By]<UL><LI><a href="#[36]">&gt;&gt;</a>&nbsp;&nbsp;&nbsp;DMA2_Stream1_IRQHandler
</UL>

<P><STRONG><a name="[7e]"></a>HAL_DMA_Init</STRONG> (Thumb, 206 bytes, Stack size 24 bytes, stm32f4xx_hal_dma.o(i.HAL_DMA_Init))
<BR><BR>[Stack]<UL><LI>Max Depth = 32<LI>Call Chain = HAL_DMA_Init &rArr; DMA_CheckFifoParam
</UL>
<BR>[Calls]<UL><LI><a href="#[7f]">&gt;&gt;</a>&nbsp;&nbsp;&nbsp;DMA_CheckFifoParam
<LI><a href="#[80]">&gt;&gt;</a>&nbsp;&nbsp;&nbsp;DMA_CalcBaseAndBitshift
<LI><a href="#[7d]">&gt;&gt;</a>&nbsp;&nbsp;&nbsp;HAL_GetTick
</UL>
<BR>[Called By]<UL><LI><a href="#[b4]">&gt;&gt;</a>&nbsp;&nbsp;&nbsp;HAL_UART_MspInit
</UL>

<P><STRONG><a name="[81]"></a>HAL_DMA_Start_IT</STRONG> (Thumb, 110 bytes, Stack size 24 bytes, stm32f4xx_hal_dma.o(i.HAL_DMA_Start_IT))
<BR><BR>[Stack]<UL><LI>Max Depth = 36<LI>Call Chain = HAL_DMA_Start_IT &rArr; DMA_SetConfig
</UL>
<BR>[Calls]<UL><LI><a href="#[82]">&gt;&gt;</a>&nbsp;&nbsp;&nbsp;DMA_SetConfig
</UL>
<BR>[Called By]<UL><LI><a href="#[ab]">&gt;&gt;</a>&nbsp;&nbsp;&nbsp;UART_Start_Receive_DMA
</UL>

<P><STRONG><a name="[83]"></a>HAL_GPIO_EXTI_Callback</STRONG> (Thumb, 8 bytes, Stack size 0 bytes, control.o(i.HAL_GPIO_EXTI_Callback))
<BR><BR>[Called By]<UL><LI><a href="#[75]">&gt;&gt;</a>&nbsp;&nbsp;&nbsp;HAL_GPIO_EXTI_IRQHandler
</UL>

<P><STRONG><a name="[75]"></a>HAL_GPIO_EXTI_IRQHandler</STRONG> (Thumb, 18 bytes, Stack size 8 bytes, stm32f4xx_hal_gpio.o(i.HAL_GPIO_EXTI_IRQHandler))
<BR><BR>[Stack]<UL><LI>Max Depth = 8<LI>Call Chain = HAL_GPIO_EXTI_IRQHandler
</UL>
<BR>[Calls]<UL><LI><a href="#[83]">&gt;&gt;</a>&nbsp;&nbsp;&nbsp;HAL_GPIO_EXTI_Callback
</UL>
<BR>[Called By]<UL><LI><a href="#[1e]">&gt;&gt;</a>&nbsp;&nbsp;&nbsp;EXTI9_5_IRQHandler
</UL>

<P><STRONG><a name="[a1]"></a>HAL_GPIO_Init</STRONG> (Thumb, 446 bytes, Stack size 40 bytes, stm32f4xx_hal_gpio.o(i.HAL_GPIO_Init))
<BR><BR>[Stack]<UL><LI>Max Depth = 40<LI>Call Chain = HAL_GPIO_Init
</UL>
<BR>[Called By]<UL><LI><a href="#[b4]">&gt;&gt;</a>&nbsp;&nbsp;&nbsp;HAL_UART_MspInit
<LI><a href="#[9f]">&gt;&gt;</a>&nbsp;&nbsp;&nbsp;HAL_TIM_MspPostInit
<LI><a href="#[d0]">&gt;&gt;</a>&nbsp;&nbsp;&nbsp;MX_GPIO_Init
<LI><a href="#[bd]">&gt;&gt;</a>&nbsp;&nbsp;&nbsp;MPU_IIC_Init
</UL>

<P><STRONG><a name="[67]"></a>HAL_GPIO_TogglePin</STRONG> (Thumb, 16 bytes, Stack size 0 bytes, stm32f4xx_hal_gpio.o(i.HAL_GPIO_TogglePin))
<BR><BR>[Called By]<UL><LI><a href="#[66]">&gt;&gt;</a>&nbsp;&nbsp;&nbsp;ControlLoopPackage
</UL>

<P><STRONG><a name="[6b]"></a>HAL_GPIO_WritePin</STRONG> (Thumb, 10 bytes, Stack size 0 bytes, stm32f4xx_hal_gpio.o(i.HAL_GPIO_WritePin))
<BR><BR>[Called By]<UL><LI><a href="#[d0]">&gt;&gt;</a>&nbsp;&nbsp;&nbsp;MX_GPIO_Init
<LI><a href="#[44]">&gt;&gt;</a>&nbsp;&nbsp;&nbsp;main
<LI><a href="#[bd]">&gt;&gt;</a>&nbsp;&nbsp;&nbsp;MPU_IIC_Init
<LI><a href="#[73]">&gt;&gt;</a>&nbsp;&nbsp;&nbsp;Get_Zhongzhi
<LI><a href="#[66]">&gt;&gt;</a>&nbsp;&nbsp;&nbsp;ControlLoopPackage
</UL>

<P><STRONG><a name="[7d]"></a>HAL_GetTick</STRONG> (Thumb, 6 bytes, Stack size 0 bytes, stm32f4xx_hal.o(i.HAL_GetTick))
<BR><BR>[Called By]<UL><LI><a href="#[b7]">&gt;&gt;</a>&nbsp;&nbsp;&nbsp;HAL_UART_Transmit
<LI><a href="#[7e]">&gt;&gt;</a>&nbsp;&nbsp;&nbsp;HAL_DMA_Init
<LI><a href="#[8d]">&gt;&gt;</a>&nbsp;&nbsp;&nbsp;HAL_RCC_OscConfig
<LI><a href="#[8b]">&gt;&gt;</a>&nbsp;&nbsp;&nbsp;HAL_RCC_ClockConfig
<LI><a href="#[7c]">&gt;&gt;</a>&nbsp;&nbsp;&nbsp;HAL_DMA_Abort
<LI><a href="#[b8]">&gt;&gt;</a>&nbsp;&nbsp;&nbsp;UART_WaitOnFlagUntilTimeout
</UL>

<P><STRONG><a name="[d8]"></a>HAL_IncTick</STRONG> (Thumb, 12 bytes, Stack size 0 bytes, stm32f4xx_hal.o(i.HAL_IncTick))
<BR><BR>[Called By]<UL><LI><a href="#[a]">&gt;&gt;</a>&nbsp;&nbsp;&nbsp;SysTick_Handler
</UL>

<P><STRONG><a name="[84]"></a>HAL_Init</STRONG> (Thumb, 48 bytes, Stack size 8 bytes, stm32f4xx_hal.o(i.HAL_Init))
<BR><BR>[Stack]<UL><LI>Max Depth = 40<LI>Call Chain = HAL_Init &rArr; HAL_InitTick &rArr; HAL_NVIC_SetPriority
</UL>
<BR>[Calls]<UL><LI><a href="#[87]">&gt;&gt;</a>&nbsp;&nbsp;&nbsp;HAL_MspInit
<LI><a href="#[85]">&gt;&gt;</a>&nbsp;&nbsp;&nbsp;HAL_NVIC_SetPriorityGrouping
<LI><a href="#[86]">&gt;&gt;</a>&nbsp;&nbsp;&nbsp;HAL_InitTick
</UL>
<BR>[Called By]<UL><LI><a href="#[44]">&gt;&gt;</a>&nbsp;&nbsp;&nbsp;main
</UL>

<P><STRONG><a name="[86]"></a>HAL_InitTick</STRONG> (Thumb, 54 bytes, Stack size 16 bytes, stm32f4xx_hal.o(i.HAL_InitTick))
<BR><BR>[Stack]<UL><LI>Max Depth = 32<LI>Call Chain = HAL_InitTick &rArr; HAL_NVIC_SetPriority
</UL>
<BR>[Calls]<UL><LI><a href="#[89]">&gt;&gt;</a>&nbsp;&nbsp;&nbsp;HAL_NVIC_SetPriority
<LI><a href="#[88]">&gt;&gt;</a>&nbsp;&nbsp;&nbsp;HAL_SYSTICK_Config
</UL>
<BR>[Called By]<UL><LI><a href="#[8b]">&gt;&gt;</a>&nbsp;&nbsp;&nbsp;HAL_RCC_ClockConfig
<LI><a href="#[84]">&gt;&gt;</a>&nbsp;&nbsp;&nbsp;HAL_Init
</UL>

<P><STRONG><a name="[87]"></a>HAL_MspInit</STRONG> (Thumb, 42 bytes, Stack size 8 bytes, stm32f4xx_hal_msp.o(i.HAL_MspInit))
<BR><BR>[Stack]<UL><LI>Max Depth = 8<LI>Call Chain = HAL_MspInit
</UL>
<BR>[Called By]<UL><LI><a href="#[84]">&gt;&gt;</a>&nbsp;&nbsp;&nbsp;HAL_Init
</UL>

<P><STRONG><a name="[91]"></a>HAL_NVIC_EnableIRQ</STRONG> (Thumb, 26 bytes, Stack size 0 bytes, stm32f4xx_hal_cortex.o(i.HAL_NVIC_EnableIRQ))
<BR><BR>[Called By]<UL><LI><a href="#[b4]">&gt;&gt;</a>&nbsp;&nbsp;&nbsp;HAL_UART_MspInit
<LI><a href="#[8f]">&gt;&gt;</a>&nbsp;&nbsp;&nbsp;HAL_TIM_Base_MspInit
<LI><a href="#[d0]">&gt;&gt;</a>&nbsp;&nbsp;&nbsp;MX_GPIO_Init
<LI><a href="#[cf]">&gt;&gt;</a>&nbsp;&nbsp;&nbsp;MX_DMA_Init
<LI><a href="#[44]">&gt;&gt;</a>&nbsp;&nbsp;&nbsp;main
</UL>

<P><STRONG><a name="[89]"></a>HAL_NVIC_SetPriority</STRONG> (Thumb, 60 bytes, Stack size 16 bytes, stm32f4xx_hal_cortex.o(i.HAL_NVIC_SetPriority))
<BR><BR>[Stack]<UL><LI>Max Depth = 16<LI>Call Chain = HAL_NVIC_SetPriority
</UL>
<BR>[Calls]<UL><LI><a href="#[8a]">&gt;&gt;</a>&nbsp;&nbsp;&nbsp;__NVIC_SetPriority
</UL>
<BR>[Called By]<UL><LI><a href="#[b4]">&gt;&gt;</a>&nbsp;&nbsp;&nbsp;HAL_UART_MspInit
<LI><a href="#[8f]">&gt;&gt;</a>&nbsp;&nbsp;&nbsp;HAL_TIM_Base_MspInit
<LI><a href="#[d0]">&gt;&gt;</a>&nbsp;&nbsp;&nbsp;MX_GPIO_Init
<LI><a href="#[cf]">&gt;&gt;</a>&nbsp;&nbsp;&nbsp;MX_DMA_Init
<LI><a href="#[44]">&gt;&gt;</a>&nbsp;&nbsp;&nbsp;main
<LI><a href="#[86]">&gt;&gt;</a>&nbsp;&nbsp;&nbsp;HAL_InitTick
</UL>

<P><STRONG><a name="[85]"></a>HAL_NVIC_SetPriorityGrouping</STRONG> (Thumb, 26 bytes, Stack size 0 bytes, stm32f4xx_hal_cortex.o(i.HAL_NVIC_SetPriorityGrouping))
<BR><BR>[Called By]<UL><LI><a href="#[84]">&gt;&gt;</a>&nbsp;&nbsp;&nbsp;HAL_Init
</UL>

<P><STRONG><a name="[8b]"></a>HAL_RCC_ClockConfig</STRONG> (Thumb, 288 bytes, Stack size 32 bytes, stm32f4xx_hal_rcc.o(i.HAL_RCC_ClockConfig))
<BR><BR>[Stack]<UL><LI>Max Depth = 80<LI>Call Chain = HAL_RCC_ClockConfig &rArr; HAL_RCC_GetSysClockFreq &rArr; __aeabi_uldivmod
</UL>
<BR>[Calls]<UL><LI><a href="#[8c]">&gt;&gt;</a>&nbsp;&nbsp;&nbsp;HAL_RCC_GetSysClockFreq
<LI><a href="#[86]">&gt;&gt;</a>&nbsp;&nbsp;&nbsp;HAL_InitTick
<LI><a href="#[7d]">&gt;&gt;</a>&nbsp;&nbsp;&nbsp;HAL_GetTick
</UL>
<BR>[Called By]<UL><LI><a href="#[d9]">&gt;&gt;</a>&nbsp;&nbsp;&nbsp;SystemClock_Config
</UL>

<P><STRONG><a name="[de]"></a>HAL_RCC_GetPCLK1Freq</STRONG> (Thumb, 20 bytes, Stack size 0 bytes, stm32f4xx_hal_rcc.o(i.HAL_RCC_GetPCLK1Freq))
<BR><BR>[Called By]<UL><LI><a href="#[b5]">&gt;&gt;</a>&nbsp;&nbsp;&nbsp;UART_SetConfig
</UL>

<P><STRONG><a name="[dd]"></a>HAL_RCC_GetPCLK2Freq</STRONG> (Thumb, 20 bytes, Stack size 0 bytes, stm32f4xx_hal_rcc.o(i.HAL_RCC_GetPCLK2Freq))
<BR><BR>[Called By]<UL><LI><a href="#[b5]">&gt;&gt;</a>&nbsp;&nbsp;&nbsp;UART_SetConfig
</UL>

<P><STRONG><a name="[8c]"></a>HAL_RCC_GetSysClockFreq</STRONG> (Thumb, 88 bytes, Stack size 8 bytes, stm32f4xx_hal_rcc.o(i.HAL_RCC_GetSysClockFreq))
<BR><BR>[Stack]<UL><LI>Max Depth = 48<LI>Call Chain = HAL_RCC_GetSysClockFreq &rArr; __aeabi_uldivmod
</UL>
<BR>[Calls]<UL><LI><a href="#[4e]">&gt;&gt;</a>&nbsp;&nbsp;&nbsp;__aeabi_uldivmod
</UL>
<BR>[Called By]<UL><LI><a href="#[8b]">&gt;&gt;</a>&nbsp;&nbsp;&nbsp;HAL_RCC_ClockConfig
</UL>

<P><STRONG><a name="[8d]"></a>HAL_RCC_OscConfig</STRONG> (Thumb, 856 bytes, Stack size 40 bytes, stm32f4xx_hal_rcc.o(i.HAL_RCC_OscConfig))
<BR><BR>[Stack]<UL><LI>Max Depth = 40<LI>Call Chain = HAL_RCC_OscConfig
</UL>
<BR>[Calls]<UL><LI><a href="#[7d]">&gt;&gt;</a>&nbsp;&nbsp;&nbsp;HAL_GetTick
</UL>
<BR>[Called By]<UL><LI><a href="#[d9]">&gt;&gt;</a>&nbsp;&nbsp;&nbsp;SystemClock_Config
</UL>

<P><STRONG><a name="[88]"></a>HAL_SYSTICK_Config</STRONG> (Thumb, 40 bytes, Stack size 8 bytes, stm32f4xx_hal_cortex.o(i.HAL_SYSTICK_Config))
<BR><BR>[Stack]<UL><LI>Max Depth = 8<LI>Call Chain = HAL_SYSTICK_Config
</UL>
<BR>[Calls]<UL><LI><a href="#[8a]">&gt;&gt;</a>&nbsp;&nbsp;&nbsp;__NVIC_SetPriority
</UL>
<BR>[Called By]<UL><LI><a href="#[86]">&gt;&gt;</a>&nbsp;&nbsp;&nbsp;HAL_InitTick
</UL>

<P><STRONG><a name="[9c]"></a>HAL_TIMEx_BreakCallback</STRONG> (Thumb, 2 bytes, Stack size 0 bytes, stm32f4xx_hal_tim_ex.o(i.HAL_TIMEx_BreakCallback))
<BR><BR>[Called By]<UL><LI><a href="#[97]">&gt;&gt;</a>&nbsp;&nbsp;&nbsp;HAL_TIM_IRQHandler
</UL>

<P><STRONG><a name="[9e]"></a>HAL_TIMEx_CommutCallback</STRONG> (Thumb, 2 bytes, Stack size 0 bytes, stm32f4xx_hal_tim_ex.o(i.HAL_TIMEx_CommutCallback))
<BR><BR>[Called By]<UL><LI><a href="#[97]">&gt;&gt;</a>&nbsp;&nbsp;&nbsp;HAL_TIM_IRQHandler
</UL>

<P><STRONG><a name="[d3]"></a>HAL_TIMEx_ConfigBreakDeadTime</STRONG> (Thumb, 84 bytes, Stack size 8 bytes, stm32f4xx_hal_tim_ex.o(i.HAL_TIMEx_ConfigBreakDeadTime))
<BR><BR>[Stack]<UL><LI>Max Depth = 8<LI>Call Chain = HAL_TIMEx_ConfigBreakDeadTime
</UL>
<BR>[Called By]<UL><LI><a href="#[d1]">&gt;&gt;</a>&nbsp;&nbsp;&nbsp;MX_TIM1_Init
</UL>

<P><STRONG><a name="[d2]"></a>HAL_TIMEx_MasterConfigSynchronization</STRONG> (Thumb, 104 bytes, Stack size 16 bytes, stm32f4xx_hal_tim_ex.o(i.HAL_TIMEx_MasterConfigSynchronization))
<BR><BR>[Stack]<UL><LI>Max Depth = 16<LI>Call Chain = HAL_TIMEx_MasterConfigSynchronization
</UL>
<BR>[Called By]<UL><LI><a href="#[d4]">&gt;&gt;</a>&nbsp;&nbsp;&nbsp;MX_TIM2_Init
<LI><a href="#[d1]">&gt;&gt;</a>&nbsp;&nbsp;&nbsp;MX_TIM1_Init
</UL>

<P><STRONG><a name="[8e]"></a>HAL_TIM_Base_Init</STRONG> (Thumb, 90 bytes, Stack size 8 bytes, stm32f4xx_hal_tim.o(i.HAL_TIM_Base_Init))
<BR><BR>[Stack]<UL><LI>Max Depth = 32<LI>Call Chain = HAL_TIM_Base_Init &rArr; HAL_TIM_Base_MspInit &rArr; HAL_NVIC_SetPriority
</UL>
<BR>[Calls]<UL><LI><a href="#[8f]">&gt;&gt;</a>&nbsp;&nbsp;&nbsp;HAL_TIM_Base_MspInit
<LI><a href="#[90]">&gt;&gt;</a>&nbsp;&nbsp;&nbsp;TIM_Base_SetConfig
</UL>
<BR>[Called By]<UL><LI><a href="#[d4]">&gt;&gt;</a>&nbsp;&nbsp;&nbsp;MX_TIM2_Init
<LI><a href="#[d1]">&gt;&gt;</a>&nbsp;&nbsp;&nbsp;MX_TIM1_Init
</UL>

<P><STRONG><a name="[8f]"></a>HAL_TIM_Base_MspInit</STRONG> (Thumb, 90 bytes, Stack size 8 bytes, tim.o(i.HAL_TIM_Base_MspInit))
<BR><BR>[Stack]<UL><LI>Max Depth = 24<LI>Call Chain = HAL_TIM_Base_MspInit &rArr; HAL_NVIC_SetPriority
</UL>
<BR>[Calls]<UL><LI><a href="#[89]">&gt;&gt;</a>&nbsp;&nbsp;&nbsp;HAL_NVIC_SetPriority
<LI><a href="#[91]">&gt;&gt;</a>&nbsp;&nbsp;&nbsp;HAL_NVIC_EnableIRQ
</UL>
<BR>[Called By]<UL><LI><a href="#[8e]">&gt;&gt;</a>&nbsp;&nbsp;&nbsp;HAL_TIM_Base_Init
</UL>

<P><STRONG><a name="[10e]"></a>HAL_TIM_Base_Start_IT</STRONG> (Thumb, 88 bytes, Stack size 0 bytes, stm32f4xx_hal_tim.o(i.HAL_TIM_Base_Start_IT))
<BR><BR>[Called By]<UL><LI><a href="#[44]">&gt;&gt;</a>&nbsp;&nbsp;&nbsp;main
</UL>

<P><STRONG><a name="[92]"></a>HAL_TIM_ConfigClockSource</STRONG> (Thumb, 220 bytes, Stack size 16 bytes, stm32f4xx_hal_tim.o(i.HAL_TIM_ConfigClockSource))
<BR><BR>[Stack]<UL><LI>Max Depth = 24<LI>Call Chain = HAL_TIM_ConfigClockSource &rArr; TIM_TI2_ConfigInputStage
</UL>
<BR>[Calls]<UL><LI><a href="#[95]">&gt;&gt;</a>&nbsp;&nbsp;&nbsp;TIM_TI2_ConfigInputStage
<LI><a href="#[94]">&gt;&gt;</a>&nbsp;&nbsp;&nbsp;TIM_TI1_ConfigInputStage
<LI><a href="#[96]">&gt;&gt;</a>&nbsp;&nbsp;&nbsp;TIM_ITRx_SetConfig
<LI><a href="#[93]">&gt;&gt;</a>&nbsp;&nbsp;&nbsp;TIM_ETR_SetConfig
</UL>
<BR>[Called By]<UL><LI><a href="#[d4]">&gt;&gt;</a>&nbsp;&nbsp;&nbsp;MX_TIM2_Init
<LI><a href="#[d1]">&gt;&gt;</a>&nbsp;&nbsp;&nbsp;MX_TIM1_Init
</UL>

<P><STRONG><a name="[98]"></a>HAL_TIM_IC_CaptureCallback</STRONG> (Thumb, 2 bytes, Stack size 0 bytes, stm32f4xx_hal_tim.o(i.HAL_TIM_IC_CaptureCallback))
<BR><BR>[Called By]<UL><LI><a href="#[97]">&gt;&gt;</a>&nbsp;&nbsp;&nbsp;HAL_TIM_IRQHandler
</UL>

<P><STRONG><a name="[97]"></a>HAL_TIM_IRQHandler</STRONG> (Thumb, 304 bytes, Stack size 24 bytes, stm32f4xx_hal_tim.o(i.HAL_TIM_IRQHandler))
<BR><BR>[Stack]<UL><LI>Max Depth = 416<LI>Call Chain = HAL_TIM_IRQHandler &rArr; HAL_TIM_PeriodElapsedCallback &rArr; ControlLoopPackage &rArr; Get_Elrs &rArr; __hardfp_pow &rArr; __kernel_poly &rArr; __aeabi_dmul &rArr; _double_epilogue &rArr; _double_round
</UL>
<BR>[Calls]<UL><LI><a href="#[9b]">&gt;&gt;</a>&nbsp;&nbsp;&nbsp;HAL_TIM_PeriodElapsedCallback
<LI><a href="#[99]">&gt;&gt;</a>&nbsp;&nbsp;&nbsp;HAL_TIM_OC_DelayElapsedCallback
<LI><a href="#[9d]">&gt;&gt;</a>&nbsp;&nbsp;&nbsp;HAL_TIM_TriggerCallback
<LI><a href="#[9a]">&gt;&gt;</a>&nbsp;&nbsp;&nbsp;HAL_TIM_PWM_PulseFinishedCallback
<LI><a href="#[98]">&gt;&gt;</a>&nbsp;&nbsp;&nbsp;HAL_TIM_IC_CaptureCallback
<LI><a href="#[9e]">&gt;&gt;</a>&nbsp;&nbsp;&nbsp;HAL_TIMEx_CommutCallback
<LI><a href="#[9c]">&gt;&gt;</a>&nbsp;&nbsp;&nbsp;HAL_TIMEx_BreakCallback
</UL>
<BR>[Called By]<UL><LI><a href="#[23]">&gt;&gt;</a>&nbsp;&nbsp;&nbsp;TIM2_IRQHandler
<LI><a href="#[22]">&gt;&gt;</a>&nbsp;&nbsp;&nbsp;TIM1_CC_IRQHandler
</UL>

<P><STRONG><a name="[9f]"></a>HAL_TIM_MspPostInit</STRONG> (Thumb, 72 bytes, Stack size 32 bytes, tim.o(i.HAL_TIM_MspPostInit))
<BR><BR>[Stack]<UL><LI>Max Depth = 72<LI>Call Chain = HAL_TIM_MspPostInit &rArr; HAL_GPIO_Init
</UL>
<BR>[Calls]<UL><LI><a href="#[a1]">&gt;&gt;</a>&nbsp;&nbsp;&nbsp;HAL_GPIO_Init
<LI><a href="#[a0]">&gt;&gt;</a>&nbsp;&nbsp;&nbsp;__aeabi_memclr4
</UL>
<BR>[Called By]<UL><LI><a href="#[d1]">&gt;&gt;</a>&nbsp;&nbsp;&nbsp;MX_TIM1_Init
</UL>

<P><STRONG><a name="[a2]"></a>HAL_TIM_OC_ConfigChannel</STRONG> (Thumb, 82 bytes, Stack size 16 bytes, stm32f4xx_hal_tim.o(i.HAL_TIM_OC_ConfigChannel))
<BR><BR>[Stack]<UL><LI>Max Depth = 28<LI>Call Chain = HAL_TIM_OC_ConfigChannel &rArr; TIM_OC4_SetConfig
</UL>
<BR>[Calls]<UL><LI><a href="#[a6]">&gt;&gt;</a>&nbsp;&nbsp;&nbsp;TIM_OC4_SetConfig
<LI><a href="#[a5]">&gt;&gt;</a>&nbsp;&nbsp;&nbsp;TIM_OC3_SetConfig
<LI><a href="#[a3]">&gt;&gt;</a>&nbsp;&nbsp;&nbsp;TIM_OC1_SetConfig
<LI><a href="#[a4]">&gt;&gt;</a>&nbsp;&nbsp;&nbsp;TIM_OC2_SetConfig
</UL>
<BR>[Called By]<UL><LI><a href="#[d1]">&gt;&gt;</a>&nbsp;&nbsp;&nbsp;MX_TIM1_Init
</UL>

<P><STRONG><a name="[99]"></a>HAL_TIM_OC_DelayElapsedCallback</STRONG> (Thumb, 42 bytes, Stack size 0 bytes, motor.o(i.HAL_TIM_OC_DelayElapsedCallback))
<BR><BR>[Called By]<UL><LI><a href="#[97]">&gt;&gt;</a>&nbsp;&nbsp;&nbsp;HAL_TIM_IRQHandler
</UL>

<P><STRONG><a name="[a7]"></a>HAL_TIM_OC_Init</STRONG> (Thumb, 90 bytes, Stack size 8 bytes, stm32f4xx_hal_tim.o(i.HAL_TIM_OC_Init))
<BR><BR>[Stack]<UL><LI>Max Depth = 28<LI>Call Chain = HAL_TIM_OC_Init &rArr; TIM_Base_SetConfig
</UL>
<BR>[Calls]<UL><LI><a href="#[a8]">&gt;&gt;</a>&nbsp;&nbsp;&nbsp;HAL_TIM_OC_MspInit
<LI><a href="#[90]">&gt;&gt;</a>&nbsp;&nbsp;&nbsp;TIM_Base_SetConfig
</UL>
<BR>[Called By]<UL><LI><a href="#[d1]">&gt;&gt;</a>&nbsp;&nbsp;&nbsp;MX_TIM1_Init
</UL>

<P><STRONG><a name="[a8]"></a>HAL_TIM_OC_MspInit</STRONG> (Thumb, 2 bytes, Stack size 0 bytes, stm32f4xx_hal_tim.o(i.HAL_TIM_OC_MspInit))
<BR><BR>[Called By]<UL><LI><a href="#[a7]">&gt;&gt;</a>&nbsp;&nbsp;&nbsp;HAL_TIM_OC_Init
</UL>

<P><STRONG><a name="[a9]"></a>HAL_TIM_OC_Start_IT</STRONG> (Thumb, 200 bytes, Stack size 12 bytes, stm32f4xx_hal_tim.o(i.HAL_TIM_OC_Start_IT))
<BR><BR>[Stack]<UL><LI>Max Depth = 20<LI>Call Chain = HAL_TIM_OC_Start_IT &rArr; TIM_CCxChannelCmd
</UL>
<BR>[Calls]<UL><LI><a href="#[aa]">&gt;&gt;</a>&nbsp;&nbsp;&nbsp;TIM_CCxChannelCmd
</UL>
<BR>[Called By]<UL><LI><a href="#[44]">&gt;&gt;</a>&nbsp;&nbsp;&nbsp;main
</UL>

<P><STRONG><a name="[9a]"></a>HAL_TIM_PWM_PulseFinishedCallback</STRONG> (Thumb, 2 bytes, Stack size 0 bytes, stm32f4xx_hal_tim.o(i.HAL_TIM_PWM_PulseFinishedCallback))
<BR><BR>[Called By]<UL><LI><a href="#[97]">&gt;&gt;</a>&nbsp;&nbsp;&nbsp;HAL_TIM_IRQHandler
</UL>

<P><STRONG><a name="[9b]"></a>HAL_TIM_PeriodElapsedCallback</STRONG> (Thumb, 14 bytes, Stack size 0 bytes, control.o(i.HAL_TIM_PeriodElapsedCallback))
<BR><BR>[Stack]<UL><LI>Max Depth = 392<LI>Call Chain = HAL_TIM_PeriodElapsedCallback &rArr; ControlLoopPackage &rArr; Get_Elrs &rArr; __hardfp_pow &rArr; __kernel_poly &rArr; __aeabi_dmul &rArr; _double_epilogue &rArr; _double_round
</UL>
<BR>[Calls]<UL><LI><a href="#[66]">&gt;&gt;</a>&nbsp;&nbsp;&nbsp;ControlLoopPackage
</UL>
<BR>[Called By]<UL><LI><a href="#[97]">&gt;&gt;</a>&nbsp;&nbsp;&nbsp;HAL_TIM_IRQHandler
</UL>

<P><STRONG><a name="[9d]"></a>HAL_TIM_TriggerCallback</STRONG> (Thumb, 2 bytes, Stack size 0 bytes, stm32f4xx_hal_tim.o(i.HAL_TIM_TriggerCallback))
<BR><BR>[Called By]<UL><LI><a href="#[97]">&gt;&gt;</a>&nbsp;&nbsp;&nbsp;HAL_TIM_IRQHandler
</UL>

<P><STRONG><a name="[63]"></a>HAL_UARTEx_ReceiveToIdle_DMA</STRONG> (Thumb, 78 bytes, Stack size 16 bytes, stm32f4xx_hal_uart.o(i.HAL_UARTEx_ReceiveToIdle_DMA))
<BR><BR>[Stack]<UL><LI>Max Depth = 68<LI>Call Chain = HAL_UARTEx_ReceiveToIdle_DMA &rArr; UART_Start_Receive_DMA &rArr; HAL_DMA_Start_IT &rArr; DMA_SetConfig
</UL>
<BR>[Calls]<UL><LI><a href="#[ab]">&gt;&gt;</a>&nbsp;&nbsp;&nbsp;UART_Start_Receive_DMA
</UL>
<BR>[Called By]<UL><LI><a href="#[64]">&gt;&gt;</a>&nbsp;&nbsp;&nbsp;CRSF_ProcessIdleIRQ
<LI><a href="#[62]">&gt;&gt;</a>&nbsp;&nbsp;&nbsp;CRSF_Init
</UL>

<P><STRONG><a name="[b1]"></a>HAL_UARTEx_RxEventCallback</STRONG> (Thumb, 2 bytes, Stack size 0 bytes, stm32f4xx_hal_uart.o(i.HAL_UARTEx_RxEventCallback))
<BR><BR>[Called By]<UL><LI><a href="#[ac]">&gt;&gt;</a>&nbsp;&nbsp;&nbsp;HAL_UART_IRQHandler
<LI><a href="#[ad]">&gt;&gt;</a>&nbsp;&nbsp;&nbsp;UART_Receive_IT
<LI><a href="#[49]">&gt;&gt;</a>&nbsp;&nbsp;&nbsp;UART_DMARxHalfCplt
<LI><a href="#[48]">&gt;&gt;</a>&nbsp;&nbsp;&nbsp;UART_DMAReceiveCplt
</UL>

<P><STRONG><a name="[b0]"></a>HAL_UART_ErrorCallback</STRONG> (Thumb, 2 bytes, Stack size 0 bytes, stm32f4xx_hal_uart.o(i.HAL_UART_ErrorCallback))
<BR><BR>[Called By]<UL><LI><a href="#[ac]">&gt;&gt;</a>&nbsp;&nbsp;&nbsp;HAL_UART_IRQHandler
<LI><a href="#[4a]">&gt;&gt;</a>&nbsp;&nbsp;&nbsp;UART_DMAError
<LI><a href="#[47]">&gt;&gt;</a>&nbsp;&nbsp;&nbsp;UART_DMAAbortOnError
</UL>

<P><STRONG><a name="[ac]"></a>HAL_UART_IRQHandler</STRONG> (Thumb, 618 bytes, Stack size 24 bytes, stm32f4xx_hal_uart.o(i.HAL_UART_IRQHandler))
<BR><BR>[Stack]<UL><LI>Max Depth = 48<LI>Call Chain = HAL_UART_IRQHandler &rArr; HAL_DMA_Abort
</UL>
<BR>[Calls]<UL><LI><a href="#[7c]">&gt;&gt;</a>&nbsp;&nbsp;&nbsp;HAL_DMA_Abort
<LI><a href="#[af]">&gt;&gt;</a>&nbsp;&nbsp;&nbsp;HAL_DMA_Abort_IT
<LI><a href="#[b2]">&gt;&gt;</a>&nbsp;&nbsp;&nbsp;HAL_UART_TxCpltCallback
<LI><a href="#[b0]">&gt;&gt;</a>&nbsp;&nbsp;&nbsp;HAL_UART_ErrorCallback
<LI><a href="#[b1]">&gt;&gt;</a>&nbsp;&nbsp;&nbsp;HAL_UARTEx_RxEventCallback
<LI><a href="#[ad]">&gt;&gt;</a>&nbsp;&nbsp;&nbsp;UART_Receive_IT
<LI><a href="#[ae]">&gt;&gt;</a>&nbsp;&nbsp;&nbsp;UART_EndRxTransfer
</UL>
<BR>[Called By]<UL><LI><a href="#[3e]">&gt;&gt;</a>&nbsp;&nbsp;&nbsp;USART6_IRQHandler
<LI><a href="#[2c]">&gt;&gt;</a>&nbsp;&nbsp;&nbsp;USART1_IRQHandler
</UL>

<P><STRONG><a name="[b3]"></a>HAL_UART_Init</STRONG> (Thumb, 100 bytes, Stack size 16 bytes, stm32f4xx_hal_uart.o(i.HAL_UART_Init))
<BR><BR>[Stack]<UL><LI>Max Depth = 104<LI>Call Chain = HAL_UART_Init &rArr; HAL_UART_MspInit &rArr; HAL_GPIO_Init
</UL>
<BR>[Calls]<UL><LI><a href="#[b4]">&gt;&gt;</a>&nbsp;&nbsp;&nbsp;HAL_UART_MspInit
<LI><a href="#[b5]">&gt;&gt;</a>&nbsp;&nbsp;&nbsp;UART_SetConfig
</UL>
<BR>[Called By]<UL><LI><a href="#[d6]">&gt;&gt;</a>&nbsp;&nbsp;&nbsp;MX_USART6_UART_Init
<LI><a href="#[d5]">&gt;&gt;</a>&nbsp;&nbsp;&nbsp;MX_USART1_UART_Init
</UL>

<P><STRONG><a name="[b4]"></a>HAL_UART_MspInit</STRONG> (Thumb, 234 bytes, Stack size 48 bytes, usart.o(i.HAL_UART_MspInit))
<BR><BR>[Stack]<UL><LI>Max Depth = 88<LI>Call Chain = HAL_UART_MspInit &rArr; HAL_GPIO_Init
</UL>
<BR>[Calls]<UL><LI><a href="#[7e]">&gt;&gt;</a>&nbsp;&nbsp;&nbsp;HAL_DMA_Init
<LI><a href="#[a1]">&gt;&gt;</a>&nbsp;&nbsp;&nbsp;HAL_GPIO_Init
<LI><a href="#[89]">&gt;&gt;</a>&nbsp;&nbsp;&nbsp;HAL_NVIC_SetPriority
<LI><a href="#[91]">&gt;&gt;</a>&nbsp;&nbsp;&nbsp;HAL_NVIC_EnableIRQ
<LI><a href="#[b6]">&gt;&gt;</a>&nbsp;&nbsp;&nbsp;Error_Handler
<LI><a href="#[a0]">&gt;&gt;</a>&nbsp;&nbsp;&nbsp;__aeabi_memclr4
</UL>
<BR>[Called By]<UL><LI><a href="#[b3]">&gt;&gt;</a>&nbsp;&nbsp;&nbsp;HAL_UART_Init
</UL>

<P><STRONG><a name="[db]"></a>HAL_UART_RxCpltCallback</STRONG> (Thumb, 2 bytes, Stack size 0 bytes, stm32f4xx_hal_uart.o(i.HAL_UART_RxCpltCallback))
<BR><BR>[Called By]<UL><LI><a href="#[ad]">&gt;&gt;</a>&nbsp;&nbsp;&nbsp;UART_Receive_IT
<LI><a href="#[48]">&gt;&gt;</a>&nbsp;&nbsp;&nbsp;UART_DMAReceiveCplt
</UL>

<P><STRONG><a name="[dc]"></a>HAL_UART_RxHalfCpltCallback</STRONG> (Thumb, 2 bytes, Stack size 0 bytes, stm32f4xx_hal_uart.o(i.HAL_UART_RxHalfCpltCallback))
<BR><BR>[Called By]<UL><LI><a href="#[49]">&gt;&gt;</a>&nbsp;&nbsp;&nbsp;UART_DMARxHalfCplt
</UL>

<P><STRONG><a name="[b7]"></a>HAL_UART_Transmit</STRONG> (Thumb, 160 bytes, Stack size 32 bytes, stm32f4xx_hal_uart.o(i.HAL_UART_Transmit))
<BR><BR>[Stack]<UL><LI>Max Depth = 64<LI>Call Chain = HAL_UART_Transmit &rArr; UART_WaitOnFlagUntilTimeout
</UL>
<BR>[Calls]<UL><LI><a href="#[7d]">&gt;&gt;</a>&nbsp;&nbsp;&nbsp;HAL_GetTick
<LI><a href="#[b8]">&gt;&gt;</a>&nbsp;&nbsp;&nbsp;UART_WaitOnFlagUntilTimeout
</UL>
<BR>[Called By]<UL><LI><a href="#[4b]">&gt;&gt;</a>&nbsp;&nbsp;&nbsp;fputc
</UL>

<P><STRONG><a name="[b2]"></a>HAL_UART_TxCpltCallback</STRONG> (Thumb, 2 bytes, Stack size 0 bytes, stm32f4xx_hal_uart.o(i.HAL_UART_TxCpltCallback))
<BR><BR>[Called By]<UL><LI><a href="#[ac]">&gt;&gt;</a>&nbsp;&nbsp;&nbsp;HAL_UART_IRQHandler
</UL>

<P><STRONG><a name="[3]"></a>HardFault_Handler</STRONG> (Thumb, 2 bytes, Stack size 0 bytes, stm32f4xx_it.o(i.HardFault_Handler))
<BR><BR>[Calls]<UL><LI><a href="#[3]">&gt;&gt;</a>&nbsp;&nbsp;&nbsp;HardFault_Handler
</UL>
<BR>[Called By]<UL><LI><a href="#[3]">&gt;&gt;</a>&nbsp;&nbsp;&nbsp;HardFault_Handler
</UL>
<BR>[Address Reference Count : 1]<UL><LI> startup_stm32f411xe.o(RESET)
</UL>
<P><STRONG><a name="[b9]"></a>Linear_Conversion</STRONG> (Thumb, 58 bytes, Stack size 4 bytes, control.o(i.Linear_Conversion))
<BR><BR>[Stack]<UL><LI>Max Depth = 4<LI>Call Chain = Linear_Conversion
</UL>
<BR>[Calls]<UL><LI><a href="#[ba]">&gt;&gt;</a>&nbsp;&nbsp;&nbsp;myabs
</UL>
<BR>[Called By]<UL><LI><a href="#[72]">&gt;&gt;</a>&nbsp;&nbsp;&nbsp;Set_Pwm
</UL>

<P><STRONG><a name="[68]"></a>MPU6050_Data_read</STRONG> (Thumb, 20 bytes, Stack size 8 bytes, control.o(i.MPU6050_Data_read))
<BR><BR>[Stack]<UL><LI>Max Depth = 344<LI>Call Chain = MPU6050_Data_read &rArr; mpu_dmp_get_data &rArr; __hardfp_atan2 &rArr; atan &rArr; __hardfp_atan &rArr; __kernel_poly &rArr; __aeabi_dmul &rArr; _double_epilogue &rArr; _double_round
</UL>
<BR>[Calls]<UL><LI><a href="#[bb]">&gt;&gt;</a>&nbsp;&nbsp;&nbsp;mpu_dmp_get_data
</UL>
<BR>[Called By]<UL><LI><a href="#[66]">&gt;&gt;</a>&nbsp;&nbsp;&nbsp;ControlLoopPackage
</UL>

<P><STRONG><a name="[bc]"></a>MPU6050_Init</STRONG> (Thumb, 148 bytes, Stack size 8 bytes, mpu6050.o(i.MPU6050_Init))
<BR><BR>[Stack]<UL><LI>Max Depth = 80<LI>Call Chain = MPU6050_Init &rArr; MPU_IIC_Init &rArr; HAL_GPIO_Init
</UL>
<BR>[Calls]<UL><LI><a href="#[bf]">&gt;&gt;</a>&nbsp;&nbsp;&nbsp;delay_ms
<LI><a href="#[bd]">&gt;&gt;</a>&nbsp;&nbsp;&nbsp;MPU_IIC_Init
<LI><a href="#[be]">&gt;&gt;</a>&nbsp;&nbsp;&nbsp;MPU_Write_Byte
<LI><a href="#[c2]">&gt;&gt;</a>&nbsp;&nbsp;&nbsp;MPU_Set_Rate
<LI><a href="#[c0]">&gt;&gt;</a>&nbsp;&nbsp;&nbsp;MPU_Set_Gyro_Fsr
<LI><a href="#[c1]">&gt;&gt;</a>&nbsp;&nbsp;&nbsp;MPU_Set_Accel_Fsr
<LI><a href="#[c3]">&gt;&gt;</a>&nbsp;&nbsp;&nbsp;MPU_Read_Byte
<LI><a href="#[7b]">&gt;&gt;</a>&nbsp;&nbsp;&nbsp;__2printf
</UL>
<BR>[Called By]<UL><LI><a href="#[44]">&gt;&gt;</a>&nbsp;&nbsp;&nbsp;main
</UL>

<P><STRONG><a name="[6c]"></a>MPU_Get_Gyroscope</STRONG> (Thumb, 50 bytes, Stack size 24 bytes, mpu6050.o(i.MPU_Get_Gyroscope))
<BR><BR>[Stack]<UL><LI>Max Depth = 96<LI>Call Chain = MPU_Get_Gyroscope &rArr; MPU_Read_Len &rArr; MPU_IIC_Read_Byte &rArr; MPU_IIC_NAck
</UL>
<BR>[Calls]<UL><LI><a href="#[c4]">&gt;&gt;</a>&nbsp;&nbsp;&nbsp;MPU_Read_Len
</UL>
<BR>[Called By]<UL><LI><a href="#[66]">&gt;&gt;</a>&nbsp;&nbsp;&nbsp;ControlLoopPackage
</UL>

<P><STRONG><a name="[c5]"></a>MPU_IIC_Ack</STRONG> (Thumb, 54 bytes, Stack size 16 bytes, mpuiic.o(i.MPU_IIC_Ack))
<BR><BR>[Stack]<UL><LI>Max Depth = 16<LI>Call Chain = MPU_IIC_Ack
</UL>
<BR>[Calls]<UL><LI><a href="#[c6]">&gt;&gt;</a>&nbsp;&nbsp;&nbsp;delay_us
</UL>
<BR>[Called By]<UL><LI><a href="#[c8]">&gt;&gt;</a>&nbsp;&nbsp;&nbsp;MPU_IIC_Read_Byte
</UL>

<P><STRONG><a name="[bd]"></a>MPU_IIC_Init</STRONG> (Thumb, 72 bytes, Stack size 32 bytes, mpuiic.o(i.MPU_IIC_Init))
<BR><BR>[Stack]<UL><LI>Max Depth = 72<LI>Call Chain = MPU_IIC_Init &rArr; HAL_GPIO_Init
</UL>
<BR>[Calls]<UL><LI><a href="#[a1]">&gt;&gt;</a>&nbsp;&nbsp;&nbsp;HAL_GPIO_Init
<LI><a href="#[6b]">&gt;&gt;</a>&nbsp;&nbsp;&nbsp;HAL_GPIO_WritePin
<LI><a href="#[a0]">&gt;&gt;</a>&nbsp;&nbsp;&nbsp;__aeabi_memclr4
<LI><a href="#[7b]">&gt;&gt;</a>&nbsp;&nbsp;&nbsp;__2printf
</UL>
<BR>[Called By]<UL><LI><a href="#[bc]">&gt;&gt;</a>&nbsp;&nbsp;&nbsp;MPU6050_Init
</UL>

<P><STRONG><a name="[c7]"></a>MPU_IIC_NAck</STRONG> (Thumb, 56 bytes, Stack size 16 bytes, mpuiic.o(i.MPU_IIC_NAck))
<BR><BR>[Stack]<UL><LI>Max Depth = 16<LI>Call Chain = MPU_IIC_NAck
</UL>
<BR>[Calls]<UL><LI><a href="#[c6]">&gt;&gt;</a>&nbsp;&nbsp;&nbsp;delay_us
</UL>
<BR>[Called By]<UL><LI><a href="#[c8]">&gt;&gt;</a>&nbsp;&nbsp;&nbsp;MPU_IIC_Read_Byte
</UL>

<P><STRONG><a name="[c8]"></a>MPU_IIC_Read_Byte</STRONG> (Thumb, 96 bytes, Stack size 32 bytes, mpuiic.o(i.MPU_IIC_Read_Byte))
<BR><BR>[Stack]<UL><LI>Max Depth = 48<LI>Call Chain = MPU_IIC_Read_Byte &rArr; MPU_IIC_NAck
</UL>
<BR>[Calls]<UL><LI><a href="#[c7]">&gt;&gt;</a>&nbsp;&nbsp;&nbsp;MPU_IIC_NAck
<LI><a href="#[c5]">&gt;&gt;</a>&nbsp;&nbsp;&nbsp;MPU_IIC_Ack
<LI><a href="#[c6]">&gt;&gt;</a>&nbsp;&nbsp;&nbsp;delay_us
</UL>
<BR>[Called By]<UL><LI><a href="#[c4]">&gt;&gt;</a>&nbsp;&nbsp;&nbsp;MPU_Read_Len
<LI><a href="#[c3]">&gt;&gt;</a>&nbsp;&nbsp;&nbsp;MPU_Read_Byte
</UL>

<P><STRONG><a name="[c9]"></a>MPU_IIC_Send_Byte</STRONG> (Thumb, 86 bytes, Stack size 24 bytes, mpuiic.o(i.MPU_IIC_Send_Byte))
<BR><BR>[Stack]<UL><LI>Max Depth = 24<LI>Call Chain = MPU_IIC_Send_Byte
</UL>
<BR>[Calls]<UL><LI><a href="#[c6]">&gt;&gt;</a>&nbsp;&nbsp;&nbsp;delay_us
</UL>
<BR>[Called By]<UL><LI><a href="#[ce]">&gt;&gt;</a>&nbsp;&nbsp;&nbsp;MPU_Write_Len
<LI><a href="#[c4]">&gt;&gt;</a>&nbsp;&nbsp;&nbsp;MPU_Read_Len
<LI><a href="#[be]">&gt;&gt;</a>&nbsp;&nbsp;&nbsp;MPU_Write_Byte
<LI><a href="#[c3]">&gt;&gt;</a>&nbsp;&nbsp;&nbsp;MPU_Read_Byte
</UL>

<P><STRONG><a name="[ca]"></a>MPU_IIC_Start</STRONG> (Thumb, 72 bytes, Stack size 16 bytes, mpuiic.o(i.MPU_IIC_Start))
<BR><BR>[Stack]<UL><LI>Max Depth = 16<LI>Call Chain = MPU_IIC_Start
</UL>
<BR>[Calls]<UL><LI><a href="#[c6]">&gt;&gt;</a>&nbsp;&nbsp;&nbsp;delay_us
</UL>
<BR>[Called By]<UL><LI><a href="#[ce]">&gt;&gt;</a>&nbsp;&nbsp;&nbsp;MPU_Write_Len
<LI><a href="#[c4]">&gt;&gt;</a>&nbsp;&nbsp;&nbsp;MPU_Read_Len
<LI><a href="#[be]">&gt;&gt;</a>&nbsp;&nbsp;&nbsp;MPU_Write_Byte
<LI><a href="#[c3]">&gt;&gt;</a>&nbsp;&nbsp;&nbsp;MPU_Read_Byte
</UL>

<P><STRONG><a name="[cb]"></a>MPU_IIC_Stop</STRONG> (Thumb, 56 bytes, Stack size 8 bytes, mpuiic.o(i.MPU_IIC_Stop))
<BR><BR>[Stack]<UL><LI>Max Depth = 8<LI>Call Chain = MPU_IIC_Stop
</UL>
<BR>[Calls]<UL><LI><a href="#[c6]">&gt;&gt;</a>&nbsp;&nbsp;&nbsp;delay_us
</UL>
<BR>[Called By]<UL><LI><a href="#[cc]">&gt;&gt;</a>&nbsp;&nbsp;&nbsp;MPU_IIC_Wait_Ack
<LI><a href="#[ce]">&gt;&gt;</a>&nbsp;&nbsp;&nbsp;MPU_Write_Len
<LI><a href="#[c4]">&gt;&gt;</a>&nbsp;&nbsp;&nbsp;MPU_Read_Len
<LI><a href="#[be]">&gt;&gt;</a>&nbsp;&nbsp;&nbsp;MPU_Write_Byte
<LI><a href="#[c3]">&gt;&gt;</a>&nbsp;&nbsp;&nbsp;MPU_Read_Byte
</UL>

<P><STRONG><a name="[cc]"></a>MPU_IIC_Wait_Ack</STRONG> (Thumb, 74 bytes, Stack size 16 bytes, mpuiic.o(i.MPU_IIC_Wait_Ack))
<BR><BR>[Stack]<UL><LI>Max Depth = 24<LI>Call Chain = MPU_IIC_Wait_Ack &rArr; MPU_IIC_Stop
</UL>
<BR>[Calls]<UL><LI><a href="#[cb]">&gt;&gt;</a>&nbsp;&nbsp;&nbsp;MPU_IIC_Stop
<LI><a href="#[c6]">&gt;&gt;</a>&nbsp;&nbsp;&nbsp;delay_us
</UL>
<BR>[Called By]<UL><LI><a href="#[ce]">&gt;&gt;</a>&nbsp;&nbsp;&nbsp;MPU_Write_Len
<LI><a href="#[c4]">&gt;&gt;</a>&nbsp;&nbsp;&nbsp;MPU_Read_Len
<LI><a href="#[be]">&gt;&gt;</a>&nbsp;&nbsp;&nbsp;MPU_Write_Byte
<LI><a href="#[c3]">&gt;&gt;</a>&nbsp;&nbsp;&nbsp;MPU_Read_Byte
</UL>

<P><STRONG><a name="[c3]"></a>MPU_Read_Byte</STRONG> (Thumb, 58 bytes, Stack size 8 bytes, mpu6050.o(i.MPU_Read_Byte))
<BR><BR>[Stack]<UL><LI>Max Depth = 56<LI>Call Chain = MPU_Read_Byte &rArr; MPU_IIC_Read_Byte &rArr; MPU_IIC_NAck
</UL>
<BR>[Calls]<UL><LI><a href="#[cc]">&gt;&gt;</a>&nbsp;&nbsp;&nbsp;MPU_IIC_Wait_Ack
<LI><a href="#[cb]">&gt;&gt;</a>&nbsp;&nbsp;&nbsp;MPU_IIC_Stop
<LI><a href="#[ca]">&gt;&gt;</a>&nbsp;&nbsp;&nbsp;MPU_IIC_Start
<LI><a href="#[c9]">&gt;&gt;</a>&nbsp;&nbsp;&nbsp;MPU_IIC_Send_Byte
<LI><a href="#[c8]">&gt;&gt;</a>&nbsp;&nbsp;&nbsp;MPU_IIC_Read_Byte
</UL>
<BR>[Called By]<UL><LI><a href="#[bc]">&gt;&gt;</a>&nbsp;&nbsp;&nbsp;MPU6050_Init
</UL>

<P><STRONG><a name="[c4]"></a>MPU_Read_Len</STRONG> (Thumb, 108 bytes, Stack size 24 bytes, mpu6050.o(i.MPU_Read_Len))
<BR><BR>[Stack]<UL><LI>Max Depth = 72<LI>Call Chain = MPU_Read_Len &rArr; MPU_IIC_Read_Byte &rArr; MPU_IIC_NAck
</UL>
<BR>[Calls]<UL><LI><a href="#[cc]">&gt;&gt;</a>&nbsp;&nbsp;&nbsp;MPU_IIC_Wait_Ack
<LI><a href="#[cb]">&gt;&gt;</a>&nbsp;&nbsp;&nbsp;MPU_IIC_Stop
<LI><a href="#[ca]">&gt;&gt;</a>&nbsp;&nbsp;&nbsp;MPU_IIC_Start
<LI><a href="#[c9]">&gt;&gt;</a>&nbsp;&nbsp;&nbsp;MPU_IIC_Send_Byte
<LI><a href="#[c8]">&gt;&gt;</a>&nbsp;&nbsp;&nbsp;MPU_IIC_Read_Byte
</UL>
<BR>[Called By]<UL><LI><a href="#[119]">&gt;&gt;</a>&nbsp;&nbsp;&nbsp;mpu_set_bypass
<LI><a href="#[112]">&gt;&gt;</a>&nbsp;&nbsp;&nbsp;mpu_init
<LI><a href="#[11a]">&gt;&gt;</a>&nbsp;&nbsp;&nbsp;mpu_read_mem
<LI><a href="#[106]">&gt;&gt;</a>&nbsp;&nbsp;&nbsp;mpu_read_fifo_stream
<LI><a href="#[6c]">&gt;&gt;</a>&nbsp;&nbsp;&nbsp;MPU_Get_Gyroscope
</UL>

<P><STRONG><a name="[c1]"></a>MPU_Set_Accel_Fsr</STRONG> (Thumb, 10 bytes, Stack size 0 bytes, mpu6050.o(i.MPU_Set_Accel_Fsr))
<BR><BR>[Stack]<UL><LI>Max Depth = 40<LI>Call Chain = MPU_Set_Accel_Fsr &rArr; MPU_Write_Byte &rArr; MPU_IIC_Wait_Ack &rArr; MPU_IIC_Stop
</UL>
<BR>[Calls]<UL><LI><a href="#[be]">&gt;&gt;</a>&nbsp;&nbsp;&nbsp;MPU_Write_Byte
</UL>
<BR>[Called By]<UL><LI><a href="#[bc]">&gt;&gt;</a>&nbsp;&nbsp;&nbsp;MPU6050_Init
</UL>

<P><STRONG><a name="[c0]"></a>MPU_Set_Gyro_Fsr</STRONG> (Thumb, 10 bytes, Stack size 0 bytes, mpu6050.o(i.MPU_Set_Gyro_Fsr))
<BR><BR>[Stack]<UL><LI>Max Depth = 40<LI>Call Chain = MPU_Set_Gyro_Fsr &rArr; MPU_Write_Byte &rArr; MPU_IIC_Wait_Ack &rArr; MPU_IIC_Stop
</UL>
<BR>[Calls]<UL><LI><a href="#[be]">&gt;&gt;</a>&nbsp;&nbsp;&nbsp;MPU_Write_Byte
</UL>
<BR>[Called By]<UL><LI><a href="#[bc]">&gt;&gt;</a>&nbsp;&nbsp;&nbsp;MPU6050_Init
</UL>

<P><STRONG><a name="[cd]"></a>MPU_Set_LPF</STRONG> (Thumb, 48 bytes, Stack size 0 bytes, mpu6050.o(i.MPU_Set_LPF))
<BR><BR>[Stack]<UL><LI>Max Depth = 40<LI>Call Chain = MPU_Set_LPF &rArr; MPU_Write_Byte &rArr; MPU_IIC_Wait_Ack &rArr; MPU_IIC_Stop
</UL>
<BR>[Calls]<UL><LI><a href="#[be]">&gt;&gt;</a>&nbsp;&nbsp;&nbsp;MPU_Write_Byte
</UL>
<BR>[Called By]<UL><LI><a href="#[c2]">&gt;&gt;</a>&nbsp;&nbsp;&nbsp;MPU_Set_Rate
</UL>

<P><STRONG><a name="[c2]"></a>MPU_Set_Rate</STRONG> (Thumb, 46 bytes, Stack size 8 bytes, mpu6050.o(i.MPU_Set_Rate))
<BR><BR>[Stack]<UL><LI>Max Depth = 48<LI>Call Chain = MPU_Set_Rate &rArr; MPU_Write_Byte &rArr; MPU_IIC_Wait_Ack &rArr; MPU_IIC_Stop
</UL>
<BR>[Calls]<UL><LI><a href="#[be]">&gt;&gt;</a>&nbsp;&nbsp;&nbsp;MPU_Write_Byte
<LI><a href="#[cd]">&gt;&gt;</a>&nbsp;&nbsp;&nbsp;MPU_Set_LPF
</UL>
<BR>[Called By]<UL><LI><a href="#[bc]">&gt;&gt;</a>&nbsp;&nbsp;&nbsp;MPU6050_Init
</UL>

<P><STRONG><a name="[be]"></a>MPU_Write_Byte</STRONG> (Thumb, 60 bytes, Stack size 16 bytes, mpu6050.o(i.MPU_Write_Byte))
<BR><BR>[Stack]<UL><LI>Max Depth = 40<LI>Call Chain = MPU_Write_Byte &rArr; MPU_IIC_Wait_Ack &rArr; MPU_IIC_Stop
</UL>
<BR>[Calls]<UL><LI><a href="#[cc]">&gt;&gt;</a>&nbsp;&nbsp;&nbsp;MPU_IIC_Wait_Ack
<LI><a href="#[cb]">&gt;&gt;</a>&nbsp;&nbsp;&nbsp;MPU_IIC_Stop
<LI><a href="#[ca]">&gt;&gt;</a>&nbsp;&nbsp;&nbsp;MPU_IIC_Start
<LI><a href="#[c9]">&gt;&gt;</a>&nbsp;&nbsp;&nbsp;MPU_IIC_Send_Byte
</UL>
<BR>[Called By]<UL><LI><a href="#[bc]">&gt;&gt;</a>&nbsp;&nbsp;&nbsp;MPU6050_Init
<LI><a href="#[c2]">&gt;&gt;</a>&nbsp;&nbsp;&nbsp;MPU_Set_Rate
<LI><a href="#[cd]">&gt;&gt;</a>&nbsp;&nbsp;&nbsp;MPU_Set_LPF
<LI><a href="#[c0]">&gt;&gt;</a>&nbsp;&nbsp;&nbsp;MPU_Set_Gyro_Fsr
<LI><a href="#[c1]">&gt;&gt;</a>&nbsp;&nbsp;&nbsp;MPU_Set_Accel_Fsr
</UL>

<P><STRONG><a name="[ce]"></a>MPU_Write_Len</STRONG> (Thumb, 82 bytes, Stack size 24 bytes, mpu6050.o(i.MPU_Write_Len))
<BR><BR>[Stack]<UL><LI>Max Depth = 48<LI>Call Chain = MPU_Write_Len &rArr; MPU_IIC_Wait_Ack &rArr; MPU_IIC_Stop
</UL>
<BR>[Calls]<UL><LI><a href="#[cc]">&gt;&gt;</a>&nbsp;&nbsp;&nbsp;MPU_IIC_Wait_Ack
<LI><a href="#[cb]">&gt;&gt;</a>&nbsp;&nbsp;&nbsp;MPU_IIC_Stop
<LI><a href="#[ca]">&gt;&gt;</a>&nbsp;&nbsp;&nbsp;MPU_IIC_Start
<LI><a href="#[c9]">&gt;&gt;</a>&nbsp;&nbsp;&nbsp;MPU_IIC_Send_Byte
</UL>
<BR>[Called By]<UL><LI><a href="#[113]">&gt;&gt;</a>&nbsp;&nbsp;&nbsp;mpu_set_sensors
<LI><a href="#[114]">&gt;&gt;</a>&nbsp;&nbsp;&nbsp;mpu_set_sample_rate
<LI><a href="#[118]">&gt;&gt;</a>&nbsp;&nbsp;&nbsp;mpu_set_lpf
<LI><a href="#[11d]">&gt;&gt;</a>&nbsp;&nbsp;&nbsp;mpu_set_int_latched
<LI><a href="#[116]">&gt;&gt;</a>&nbsp;&nbsp;&nbsp;mpu_set_gyro_fsr
<LI><a href="#[115]">&gt;&gt;</a>&nbsp;&nbsp;&nbsp;mpu_set_dmp_state
<LI><a href="#[119]">&gt;&gt;</a>&nbsp;&nbsp;&nbsp;mpu_set_bypass
<LI><a href="#[117]">&gt;&gt;</a>&nbsp;&nbsp;&nbsp;mpu_set_accel_fsr
<LI><a href="#[11c]">&gt;&gt;</a>&nbsp;&nbsp;&nbsp;mpu_lp_accel_mode
<LI><a href="#[112]">&gt;&gt;</a>&nbsp;&nbsp;&nbsp;mpu_init
<LI><a href="#[111]">&gt;&gt;</a>&nbsp;&nbsp;&nbsp;set_int_enable
<LI><a href="#[f6]">&gt;&gt;</a>&nbsp;&nbsp;&nbsp;mpu_write_mem
<LI><a href="#[f7]">&gt;&gt;</a>&nbsp;&nbsp;&nbsp;mpu_reset_fifo
<LI><a href="#[11a]">&gt;&gt;</a>&nbsp;&nbsp;&nbsp;mpu_read_mem
<LI><a href="#[104]">&gt;&gt;</a>&nbsp;&nbsp;&nbsp;mpu_load_firmware
</UL>

<P><STRONG><a name="[cf]"></a>MX_DMA_Init</STRONG> (Thumb, 40 bytes, Stack size 8 bytes, dma.o(i.MX_DMA_Init))
<BR><BR>[Stack]<UL><LI>Max Depth = 24<LI>Call Chain = MX_DMA_Init &rArr; HAL_NVIC_SetPriority
</UL>
<BR>[Calls]<UL><LI><a href="#[89]">&gt;&gt;</a>&nbsp;&nbsp;&nbsp;HAL_NVIC_SetPriority
<LI><a href="#[91]">&gt;&gt;</a>&nbsp;&nbsp;&nbsp;HAL_NVIC_EnableIRQ
</UL>
<BR>[Called By]<UL><LI><a href="#[44]">&gt;&gt;</a>&nbsp;&nbsp;&nbsp;main
</UL>

<P><STRONG><a name="[d0]"></a>MX_GPIO_Init</STRONG> (Thumb, 308 bytes, Stack size 56 bytes, gpio.o(i.MX_GPIO_Init))
<BR><BR>[Stack]<UL><LI>Max Depth = 96<LI>Call Chain = MX_GPIO_Init &rArr; HAL_GPIO_Init
</UL>
<BR>[Calls]<UL><LI><a href="#[a1]">&gt;&gt;</a>&nbsp;&nbsp;&nbsp;HAL_GPIO_Init
<LI><a href="#[89]">&gt;&gt;</a>&nbsp;&nbsp;&nbsp;HAL_NVIC_SetPriority
<LI><a href="#[91]">&gt;&gt;</a>&nbsp;&nbsp;&nbsp;HAL_NVIC_EnableIRQ
<LI><a href="#[6b]">&gt;&gt;</a>&nbsp;&nbsp;&nbsp;HAL_GPIO_WritePin
<LI><a href="#[a0]">&gt;&gt;</a>&nbsp;&nbsp;&nbsp;__aeabi_memclr4
</UL>
<BR>[Called By]<UL><LI><a href="#[44]">&gt;&gt;</a>&nbsp;&nbsp;&nbsp;main
</UL>

<P><STRONG><a name="[d1]"></a>MX_TIM1_Init</STRONG> (Thumb, 208 bytes, Stack size 96 bytes, tim.o(i.MX_TIM1_Init))
<BR><BR>[Stack]<UL><LI>Max Depth = 168<LI>Call Chain = MX_TIM1_Init &rArr; HAL_TIM_MspPostInit &rArr; HAL_GPIO_Init
</UL>
<BR>[Calls]<UL><LI><a href="#[a7]">&gt;&gt;</a>&nbsp;&nbsp;&nbsp;HAL_TIM_OC_Init
<LI><a href="#[a2]">&gt;&gt;</a>&nbsp;&nbsp;&nbsp;HAL_TIM_OC_ConfigChannel
<LI><a href="#[92]">&gt;&gt;</a>&nbsp;&nbsp;&nbsp;HAL_TIM_ConfigClockSource
<LI><a href="#[8e]">&gt;&gt;</a>&nbsp;&nbsp;&nbsp;HAL_TIM_Base_Init
<LI><a href="#[d2]">&gt;&gt;</a>&nbsp;&nbsp;&nbsp;HAL_TIMEx_MasterConfigSynchronization
<LI><a href="#[d3]">&gt;&gt;</a>&nbsp;&nbsp;&nbsp;HAL_TIMEx_ConfigBreakDeadTime
<LI><a href="#[9f]">&gt;&gt;</a>&nbsp;&nbsp;&nbsp;HAL_TIM_MspPostInit
<LI><a href="#[b6]">&gt;&gt;</a>&nbsp;&nbsp;&nbsp;Error_Handler
<LI><a href="#[a0]">&gt;&gt;</a>&nbsp;&nbsp;&nbsp;__aeabi_memclr4
</UL>
<BR>[Called By]<UL><LI><a href="#[44]">&gt;&gt;</a>&nbsp;&nbsp;&nbsp;main
</UL>

<P><STRONG><a name="[d4]"></a>MX_TIM2_Init</STRONG> (Thumb, 96 bytes, Stack size 32 bytes, tim.o(i.MX_TIM2_Init))
[...]
<LI><a href="#[118]">&gt;&gt;</a>&nbsp;&nbsp;&nbsp;mpu_set_lpf
<LI><a href="#[11d]">&gt;&gt;</a>&nbsp;&nbsp;&nbsp;mpu_set_int_latched
<LI><a href="#[110]">&gt;&gt;</a>&nbsp;&nbsp;&nbsp;mpu_configure_fifo
</UL>
<BR>[Called By]<UL><LI><a href="#[114]">&gt;&gt;</a>&nbsp;&nbsp;&nbsp;mpu_set_sample_rate
</UL>

<P><STRONG><a name="[106]"></a>mpu_read_fifo_stream</STRONG> (Thumb, 140 bytes, Stack size 32 bytes, inv_mpu.o(i.mpu_read_fifo_stream))
<BR><BR>[Stack]<UL><LI>Max Depth = 104<LI>Call Chain = mpu_read_fifo_stream &rArr; MPU_Read_Len &rArr; MPU_IIC_Read_Byte &rArr; MPU_IIC_NAck
</UL>
<BR>[Calls]<UL><LI><a href="#[c4]">&gt;&gt;</a>&nbsp;&nbsp;&nbsp;MPU_Read_Len
<LI><a href="#[f7]">&gt;&gt;</a>&nbsp;&nbsp;&nbsp;mpu_reset_fifo
</UL>
<BR>[Called By]<UL><LI><a href="#[105]">&gt;&gt;</a>&nbsp;&nbsp;&nbsp;dmp_read_fifo
</UL>

<P><STRONG><a name="[11a]"></a>mpu_read_mem</STRONG> (Thumb, 80 bytes, Stack size 24 bytes, inv_mpu.o(i.mpu_read_mem))
<BR><BR>[Stack]<UL><LI>Max Depth = 96<LI>Call Chain = mpu_read_mem &rArr; MPU_Read_Len &rArr; MPU_IIC_Read_Byte &rArr; MPU_IIC_NAck
</UL>
<BR>[Calls]<UL><LI><a href="#[ce]">&gt;&gt;</a>&nbsp;&nbsp;&nbsp;MPU_Write_Len
<LI><a href="#[c4]">&gt;&gt;</a>&nbsp;&nbsp;&nbsp;MPU_Read_Len
</UL>
<BR>[Called By]<UL><LI><a href="#[104]">&gt;&gt;</a>&nbsp;&nbsp;&nbsp;mpu_load_firmware
</UL>

<P><STRONG><a name="[f7]"></a>mpu_reset_fifo</STRONG> (Thumb, 346 bytes, Stack size 24 bytes, inv_mpu.o(i.mpu_reset_fifo))
<BR><BR>[Stack]<UL><LI>Max Depth = 72<LI>Call Chain = mpu_reset_fifo &rArr; MPU_Write_Len &rArr; MPU_IIC_Wait_Ack &rArr; MPU_IIC_Stop
</UL>
<BR>[Calls]<UL><LI><a href="#[bf]">&gt;&gt;</a>&nbsp;&nbsp;&nbsp;delay_ms
<LI><a href="#[ce]">&gt;&gt;</a>&nbsp;&nbsp;&nbsp;MPU_Write_Len
</UL>
<BR>[Called By]<UL><LI><a href="#[115]">&gt;&gt;</a>&nbsp;&nbsp;&nbsp;mpu_set_dmp_state
<LI><a href="#[110]">&gt;&gt;</a>&nbsp;&nbsp;&nbsp;mpu_configure_fifo
<LI><a href="#[106]">&gt;&gt;</a>&nbsp;&nbsp;&nbsp;mpu_read_fifo_stream
<LI><a href="#[105]">&gt;&gt;</a>&nbsp;&nbsp;&nbsp;dmp_read_fifo
<LI><a href="#[102]">&gt;&gt;</a>&nbsp;&nbsp;&nbsp;dmp_enable_lp_quat
<LI><a href="#[f8]">&gt;&gt;</a>&nbsp;&nbsp;&nbsp;dmp_enable_feature
<LI><a href="#[f5]">&gt;&gt;</a>&nbsp;&nbsp;&nbsp;dmp_enable_6x_lp_quat
</UL>

<P><STRONG><a name="[117]"></a>mpu_set_accel_fsr</STRONG> (Thumb, 98 bytes, Stack size 16 bytes, inv_mpu.o(i.mpu_set_accel_fsr))
<BR><BR>[Stack]<UL><LI>Max Depth = 64<LI>Call Chain = mpu_set_accel_fsr &rArr; MPU_Write_Len &rArr; MPU_IIC_Wait_Ack &rArr; MPU_IIC_Stop
</UL>
<BR>[Calls]<UL><LI><a href="#[ce]">&gt;&gt;</a>&nbsp;&nbsp;&nbsp;MPU_Write_Len
</UL>
<BR>[Called By]<UL><LI><a href="#[112]">&gt;&gt;</a>&nbsp;&nbsp;&nbsp;mpu_init
</UL>

<P><STRONG><a name="[119]"></a>mpu_set_bypass</STRONG> (Thumb, 214 bytes, Stack size 24 bytes, inv_mpu.o(i.mpu_set_bypass))
<BR><BR>[Stack]<UL><LI>Max Depth = 96<LI>Call Chain = mpu_set_bypass &rArr; MPU_Read_Len &rArr; MPU_IIC_Read_Byte &rArr; MPU_IIC_NAck
</UL>
<BR>[Calls]<UL><LI><a href="#[bf]">&gt;&gt;</a>&nbsp;&nbsp;&nbsp;delay_ms
<LI><a href="#[ce]">&gt;&gt;</a>&nbsp;&nbsp;&nbsp;MPU_Write_Len
<LI><a href="#[c4]">&gt;&gt;</a>&nbsp;&nbsp;&nbsp;MPU_Read_Len
</UL>
<BR>[Called By]<UL><LI><a href="#[115]">&gt;&gt;</a>&nbsp;&nbsp;&nbsp;mpu_set_dmp_state
<LI><a href="#[112]">&gt;&gt;</a>&nbsp;&nbsp;&nbsp;mpu_init
</UL>

<P><STRONG><a name="[115]"></a>mpu_set_dmp_state</STRONG> (Thumb, 114 bytes, Stack size 16 bytes, inv_mpu.o(i.mpu_set_dmp_state))
<BR><BR>[Stack]<UL><LI>Max Depth = 168<LI>Call Chain = mpu_set_dmp_state &rArr; mpu_set_sample_rate &rArr; mpu_lp_accel_mode &rArr; mpu_configure_fifo &rArr; set_int_enable &rArr; MPU_Write_Len &rArr; MPU_IIC_Wait_Ack &rArr; MPU_IIC_Stop
</UL>
<BR>[Calls]<UL><LI><a href="#[ce]">&gt;&gt;</a>&nbsp;&nbsp;&nbsp;MPU_Write_Len
<LI><a href="#[114]">&gt;&gt;</a>&nbsp;&nbsp;&nbsp;mpu_set_sample_rate
<LI><a href="#[119]">&gt;&gt;</a>&nbsp;&nbsp;&nbsp;mpu_set_bypass
<LI><a href="#[111]">&gt;&gt;</a>&nbsp;&nbsp;&nbsp;set_int_enable
<LI><a href="#[f7]">&gt;&gt;</a>&nbsp;&nbsp;&nbsp;mpu_reset_fifo
</UL>
<BR>[Called By]<UL><LI><a href="#[10f]">&gt;&gt;</a>&nbsp;&nbsp;&nbsp;mpu_dmp_init
</UL>

<P><STRONG><a name="[116]"></a>mpu_set_gyro_fsr</STRONG> (Thumb, 104 bytes, Stack size 16 bytes, inv_mpu.o(i.mpu_set_gyro_fsr))
<BR><BR>[Stack]<UL><LI>Max Depth = 64<LI>Call Chain = mpu_set_gyro_fsr &rArr; MPU_Write_Len &rArr; MPU_IIC_Wait_Ack &rArr; MPU_IIC_Stop
</UL>
<BR>[Calls]<UL><LI><a href="#[ce]">&gt;&gt;</a>&nbsp;&nbsp;&nbsp;MPU_Write_Len
</UL>
<BR>[Called By]<UL><LI><a href="#[112]">&gt;&gt;</a>&nbsp;&nbsp;&nbsp;mpu_init
</UL>

<P><STRONG><a name="[11d]"></a>mpu_set_int_latched</STRONG> (Thumb, 94 bytes, Stack size 16 bytes, inv_mpu.o(i.mpu_set_int_latched))
<BR><BR>[Stack]<UL><LI>Max Depth = 64<LI>Call Chain = mpu_set_int_latched &rArr; MPU_Write_Len &rArr; MPU_IIC_Wait_Ack &rArr; MPU_IIC_Stop
</UL>
<BR>[Calls]<UL><LI><a href="#[ce]">&gt;&gt;</a>&nbsp;&nbsp;&nbsp;MPU_Write_Len
</UL>
<BR>[Called By]<UL><LI><a href="#[113]">&gt;&gt;</a>&nbsp;&nbsp;&nbsp;mpu_set_sensors
<LI><a href="#[11c]">&gt;&gt;</a>&nbsp;&nbsp;&nbsp;mpu_lp_accel_mode
</UL>

<P><STRONG><a name="[118]"></a>mpu_set_lpf</STRONG> (Thumb, 102 bytes, Stack size 16 bytes, inv_mpu.o(i.mpu_set_lpf))
<BR><BR>[Stack]<UL><LI>Max Depth = 64<LI>Call Chain = mpu_set_lpf &rArr; MPU_Write_Len &rArr; MPU_IIC_Wait_Ack &rArr; MPU_IIC_Stop
</UL>
<BR>[Calls]<UL><LI><a href="#[ce]">&gt;&gt;</a>&nbsp;&nbsp;&nbsp;MPU_Write_Len
</UL>
<BR>[Called By]<UL><LI><a href="#[114]">&gt;&gt;</a>&nbsp;&nbsp;&nbsp;mpu_set_sample_rate
<LI><a href="#[11c]">&gt;&gt;</a>&nbsp;&nbsp;&nbsp;mpu_lp_accel_mode
<LI><a href="#[112]">&gt;&gt;</a>&nbsp;&nbsp;&nbsp;mpu_init
</UL>

<P><STRONG><a name="[114]"></a>mpu_set_sample_rate</STRONG> (Thumb, 124 bytes, Stack size 24 bytes, inv_mpu.o(i.mpu_set_sample_rate))
<BR><BR>[Stack]<UL><LI>Max Depth = 152<LI>Call Chain = mpu_set_sample_rate &rArr; mpu_lp_accel_mode &rArr; mpu_configure_fifo &rArr; set_int_enable &rArr; MPU_Write_Len &rArr; MPU_IIC_Wait_Ack &rArr; MPU_IIC_Stop
</UL>
<BR>[Calls]<UL><LI><a href="#[ce]">&gt;&gt;</a>&nbsp;&nbsp;&nbsp;MPU_Write_Len
<LI><a href="#[118]">&gt;&gt;</a>&nbsp;&nbsp;&nbsp;mpu_set_lpf
<LI><a href="#[11c]">&gt;&gt;</a>&nbsp;&nbsp;&nbsp;mpu_lp_accel_mode
</UL>
<BR>[Called By]<UL><LI><a href="#[10f]">&gt;&gt;</a>&nbsp;&nbsp;&nbsp;mpu_dmp_init
<LI><a href="#[115]">&gt;&gt;</a>&nbsp;&nbsp;&nbsp;mpu_set_dmp_state
<LI><a href="#[112]">&gt;&gt;</a>&nbsp;&nbsp;&nbsp;mpu_init
</UL>

<P><STRONG><a name="[113]"></a>mpu_set_sensors</STRONG> (Thumb, 178 bytes, Stack size 24 bytes, inv_mpu.o(i.mpu_set_sensors))
<BR><BR>[Stack]<UL><LI>Max Depth = 88<LI>Call Chain = mpu_set_sensors &rArr; mpu_set_int_latched &rArr; MPU_Write_Len &rArr; MPU_IIC_Wait_Ack &rArr; MPU_IIC_Stop
</UL>
<BR>[Calls]<UL><LI><a href="#[bf]">&gt;&gt;</a>&nbsp;&nbsp;&nbsp;delay_ms
<LI><a href="#[ce]">&gt;&gt;</a>&nbsp;&nbsp;&nbsp;MPU_Write_Len
<LI><a href="#[11d]">&gt;&gt;</a>&nbsp;&nbsp;&nbsp;mpu_set_int_latched
</UL>
<BR>[Called By]<UL><LI><a href="#[10f]">&gt;&gt;</a>&nbsp;&nbsp;&nbsp;mpu_dmp_init
<LI><a href="#[112]">&gt;&gt;</a>&nbsp;&nbsp;&nbsp;mpu_init
</UL>

<P><STRONG><a name="[f6]"></a>mpu_write_mem</STRONG> (Thumb, 80 bytes, Stack size 24 bytes, inv_mpu.o(i.mpu_write_mem))
<BR><BR>[Stack]<UL><LI>Max Depth = 72<LI>Call Chain = mpu_write_mem &rArr; MPU_Write_Len &rArr; MPU_IIC_Wait_Ack &rArr; MPU_IIC_Stop
</UL>
<BR>[Calls]<UL><LI><a href="#[ce]">&gt;&gt;</a>&nbsp;&nbsp;&nbsp;MPU_Write_Len
</UL>
<BR>[Called By]<UL><LI><a href="#[104]">&gt;&gt;</a>&nbsp;&nbsp;&nbsp;mpu_load_firmware
<LI><a href="#[fe]">&gt;&gt;</a>&nbsp;&nbsp;&nbsp;dmp_set_tap_time_multi
<LI><a href="#[fd]">&gt;&gt;</a>&nbsp;&nbsp;&nbsp;dmp_set_tap_time
<LI><a href="#[fa]">&gt;&gt;</a>&nbsp;&nbsp;&nbsp;dmp_set_tap_thresh
<LI><a href="#[fc]">&gt;&gt;</a>&nbsp;&nbsp;&nbsp;dmp_set_tap_count
<LI><a href="#[fb]">&gt;&gt;</a>&nbsp;&nbsp;&nbsp;dmp_set_tap_axes
<LI><a href="#[101]">&gt;&gt;</a>&nbsp;&nbsp;&nbsp;dmp_set_shake_reject_timeout
<LI><a href="#[100]">&gt;&gt;</a>&nbsp;&nbsp;&nbsp;dmp_set_shake_reject_time
<LI><a href="#[ff]">&gt;&gt;</a>&nbsp;&nbsp;&nbsp;dmp_set_shake_reject_thresh
<LI><a href="#[109]">&gt;&gt;</a>&nbsp;&nbsp;&nbsp;dmp_set_orientation
<LI><a href="#[108]">&gt;&gt;</a>&nbsp;&nbsp;&nbsp;dmp_set_fifo_rate
<LI><a href="#[102]">&gt;&gt;</a>&nbsp;&nbsp;&nbsp;dmp_enable_lp_quat
<LI><a href="#[f9]">&gt;&gt;</a>&nbsp;&nbsp;&nbsp;dmp_enable_gyro_cal
<LI><a href="#[f8]">&gt;&gt;</a>&nbsp;&nbsp;&nbsp;dmp_enable_feature
<LI><a href="#[f5]">&gt;&gt;</a>&nbsp;&nbsp;&nbsp;dmp_enable_6x_lp_quat
</UL>

<P><STRONG><a name="[ba]"></a>myabs</STRONG> (Thumb, 8 bytes, Stack size 0 bytes, control.o(i.myabs))
<BR><BR>[Called By]<UL><LI><a href="#[6f]">&gt;&gt;</a>&nbsp;&nbsp;&nbsp;turn
<LI><a href="#[b9]">&gt;&gt;</a>&nbsp;&nbsp;&nbsp;Linear_Conversion
</UL>

<P><STRONG><a name="[e9]"></a>sqrt</STRONG> (Thumb, 110 bytes, Stack size 32 bytes, sqrt.o(i.sqrt))
<BR><BR>[Stack]<UL><LI>Max Depth = 72<LI>Call Chain = sqrt &rArr; _dsqrt &rArr; _double_round
</UL>
<BR>[Calls]<UL><LI><a href="#[5f]">&gt;&gt;</a>&nbsp;&nbsp;&nbsp;_dsqrt
<LI><a href="#[e3]">&gt;&gt;</a>&nbsp;&nbsp;&nbsp;__set_errno
</UL>
<BR>[Called By]<UL><LI><a href="#[79]">&gt;&gt;</a>&nbsp;&nbsp;&nbsp;__hardfp_pow
<LI><a href="#[e1]">&gt;&gt;</a>&nbsp;&nbsp;&nbsp;__hardfp_asin
</UL>

<P><STRONG><a name="[6f]"></a>turn</STRONG> (Thumb, 248 bytes, Stack size 12 bytes, control.o(i.turn))
<BR><BR>[Stack]<UL><LI>Max Depth = 12<LI>Call Chain = turn
</UL>
<BR>[Calls]<UL><LI><a href="#[ba]">&gt;&gt;</a>&nbsp;&nbsp;&nbsp;myabs
</UL>
<BR>[Called By]<UL><LI><a href="#[66]">&gt;&gt;</a>&nbsp;&nbsp;&nbsp;ControlLoopPackage
</UL>

<P><STRONG><a name="[6e]"></a>velocity</STRONG> (Thumb, 218 bytes, Stack size 8 bytes, control.o(i.velocity))
<BR><BR>[Stack]<UL><LI>Max Depth = 32<LI>Call Chain = velocity &rArr; Mean_Filter
</UL>
<BR>[Calls]<UL><LI><a href="#[d7]">&gt;&gt;</a>&nbsp;&nbsp;&nbsp;Mean_Filter
</UL>
<BR>[Called By]<UL><LI><a href="#[66]">&gt;&gt;</a>&nbsp;&nbsp;&nbsp;ControlLoopPackage
</UL>
<P>
<H3>
Local Symbols
</H3>
<P><STRONG><a name="[65]"></a>CRSF_ParseChannel</STRONG> (Thumb, 242 bytes, Stack size 0 bytes, crsf_parse.o(i.CRSF_ParseChannel))
<BR><BR>[Called By]<UL><LI><a href="#[64]">&gt;&gt;</a>&nbsp;&nbsp;&nbsp;CRSF_ProcessIdleIRQ
</UL>

<P><STRONG><a name="[111]"></a>set_int_enable</STRONG> (Thumb, 84 bytes, Stack size 24 bytes, inv_mpu.o(i.set_int_enable))
<BR><BR>[Stack]<UL><LI>Max Depth = 72<LI>Call Chain = set_int_enable &rArr; MPU_Write_Len &rArr; MPU_IIC_Wait_Ack &rArr; MPU_IIC_Stop
</UL>
<BR>[Calls]<UL><LI><a href="#[ce]">&gt;&gt;</a>&nbsp;&nbsp;&nbsp;MPU_Write_Len
</UL>
<BR>[Called By]<UL><LI><a href="#[115]">&gt;&gt;</a>&nbsp;&nbsp;&nbsp;mpu_set_dmp_state
<LI><a href="#[110]">&gt;&gt;</a>&nbsp;&nbsp;&nbsp;mpu_configure_fifo
</UL>

<P><STRONG><a name="[96]"></a>TIM_ITRx_SetConfig</STRONG> (Thumb, 16 bytes, Stack size 0 bytes, stm32f4xx_hal_tim.o(i.TIM_ITRx_SetConfig))
<BR><BR>[Called By]<UL><LI><a href="#[92]">&gt;&gt;</a>&nbsp;&nbsp;&nbsp;HAL_TIM_ConfigClockSource
</UL>

<P><STRONG><a name="[a3]"></a>TIM_OC1_SetConfig</STRONG> (Thumb, 74 bytes, Stack size 12 bytes, stm32f4xx_hal_tim.o(i.TIM_OC1_SetConfig))
<BR><BR>[Stack]<UL><LI>Max Depth = 12<LI>Call Chain = TIM_OC1_SetConfig
</UL>
<BR>[Called By]<UL><LI><a href="#[a2]">&gt;&gt;</a>&nbsp;&nbsp;&nbsp;HAL_TIM_OC_ConfigChannel
</UL>

<P><STRONG><a name="[a5]"></a>TIM_OC3_SetConfig</STRONG> (Thumb, 82 bytes, Stack size 12 bytes, stm32f4xx_hal_tim.o(i.TIM_OC3_SetConfig))
<BR><BR>[Stack]<UL><LI>Max Depth = 12<LI>Call Chain = TIM_OC3_SetConfig
</UL>
<BR>[Called By]<UL><LI><a href="#[a2]">&gt;&gt;</a>&nbsp;&nbsp;&nbsp;HAL_TIM_OC_ConfigChannel
</UL>

<P><STRONG><a name="[a6]"></a>TIM_OC4_SetConfig</STRONG> (Thumb, 64 bytes, Stack size 12 bytes, stm32f4xx_hal_tim.o(i.TIM_OC4_SetConfig))
<BR><BR>[Stack]<UL><LI>Max Depth = 12<LI>Call Chain = TIM_OC4_SetConfig
</UL>
<BR>[Called By]<UL><LI><a href="#[a2]">&gt;&gt;</a>&nbsp;&nbsp;&nbsp;HAL_TIM_OC_ConfigChannel
</UL>

<P><STRONG><a name="[94]"></a>TIM_TI1_ConfigInputStage</STRONG> (Thumb, 34 bytes, Stack size 8 bytes, stm32f4xx_hal_tim.o(i.TIM_TI1_ConfigInputStage))
<BR><BR>[Stack]<UL><LI>Max Depth = 8<LI>Call Chain = TIM_TI1_ConfigInputStage
</UL>
<BR>[Called By]<UL><LI><a href="#[92]">&gt;&gt;</a>&nbsp;&nbsp;&nbsp;HAL_TIM_ConfigClockSource
</UL>

<P><STRONG><a name="[95]"></a>TIM_TI2_ConfigInputStage</STRONG> (Thumb, 36 bytes, Stack size 8 bytes, stm32f4xx_hal_tim.o(i.TIM_TI2_ConfigInputStage))
<BR><BR>[Stack]<UL><LI>Max Depth = 8<LI>Call Chain = TIM_TI2_ConfigInputStage
</UL>
<BR>[Called By]<UL><LI><a href="#[92]">&gt;&gt;</a>&nbsp;&nbsp;&nbsp;HAL_TIM_ConfigClockSource
</UL>

<P><STRONG><a name="[80]"></a>DMA_CalcBaseAndBitshift</STRONG> (Thumb, 34 bytes, Stack size 0 bytes, stm32f4xx_hal_dma.o(i.DMA_CalcBaseAndBitshift))
<BR><BR>[Called By]<UL><LI><a href="#[7e]">&gt;&gt;</a>&nbsp;&nbsp;&nbsp;HAL_DMA_Init
</UL>

<P><STRONG><a name="[7f]"></a>DMA_CheckFifoParam</STRONG> (Thumb, 84 bytes, Stack size 8 bytes, stm32f4xx_hal_dma.o(i.DMA_CheckFifoParam))
<BR><BR>[Stack]<UL><LI>Max Depth = 8<LI>Call Chain = DMA_CheckFifoParam
</UL>
<BR>[Called By]<UL><LI><a href="#[7e]">&gt;&gt;</a>&nbsp;&nbsp;&nbsp;HAL_DMA_Init
</UL>

<P><STRONG><a name="[82]"></a>DMA_SetConfig</STRONG> (Thumb, 40 bytes, Stack size 12 bytes, stm32f4xx_hal_dma.o(i.DMA_SetConfig))
<BR><BR>[Stack]<UL><LI>Max Depth = 12<LI>Call Chain = DMA_SetConfig
</UL>
<BR>[Called By]<UL><LI><a href="#[81]">&gt;&gt;</a>&nbsp;&nbsp;&nbsp;HAL_DMA_Start_IT
</UL>

<P><STRONG><a name="[8a]"></a>__NVIC_SetPriority</STRONG> (Thumb, 32 bytes, Stack size 0 bytes, stm32f4xx_hal_cortex.o(i.__NVIC_SetPriority))
<BR><BR>[Called By]<UL><LI><a href="#[89]">&gt;&gt;</a>&nbsp;&nbsp;&nbsp;HAL_NVIC_SetPriority
<LI><a href="#[88]">&gt;&gt;</a>&nbsp;&nbsp;&nbsp;HAL_SYSTICK_Config
</UL>

<P><STRONG><a name="[47]"></a>UART_DMAAbortOnError</STRONG> (Thumb, 16 bytes, Stack size 8 bytes, stm32f4xx_hal_uart.o(i.UART_DMAAbortOnError))
<BR><BR>[Stack]<UL><LI>Max Depth = 8<LI>Call Chain = UART_DMAAbortOnError
</UL>
<BR>[Calls]<UL><LI><a href="#[b0]">&gt;&gt;</a>&nbsp;&nbsp;&nbsp;HAL_UART_ErrorCallback
</UL>
<BR>[Address Reference Count : 1]<UL><LI> stm32f4xx_hal_uart.o(i.HAL_UART_IRQHandler)
</UL>
<P><STRONG><a name="[4a]"></a>UART_DMAError</STRONG> (Thumb, 74 bytes, Stack size 16 bytes, stm32f4xx_hal_uart.o(i.UART_DMAError))
<BR><BR>[Stack]<UL><LI>Max Depth = 16<LI>Call Chain = UART_DMAError
</UL>
<BR>[Calls]<UL><LI><a href="#[b0]">&gt;&gt;</a>&nbsp;&nbsp;&nbsp;HAL_UART_ErrorCallback
<LI><a href="#[da]">&gt;&gt;</a>&nbsp;&nbsp;&nbsp;UART_EndTxTransfer
<LI><a href="#[ae]">&gt;&gt;</a>&nbsp;&nbsp;&nbsp;UART_EndRxTransfer
</UL>
<BR>[Address Reference Count : 1]<UL><LI> stm32f4xx_hal_uart.o(i.UART_Start_Receive_DMA)
</UL>
<P><STRONG><a name="[48]"></a>UART_DMAReceiveCplt</STRONG> (Thumb, 134 bytes, Stack size 8 bytes, stm32f4xx_hal_uart.o(i.UART_DMAReceiveCplt))
<BR><BR>[Stack]<UL><LI>Max Depth = 8<LI>Call Chain = UART_DMAReceiveCplt
</UL>
<BR>[Calls]<UL><LI><a href="#[db]">&gt;&gt;</a>&nbsp;&nbsp;&nbsp;HAL_UART_RxCpltCallback
<LI><a href="#[b1]">&gt;&gt;</a>&nbsp;&nbsp;&nbsp;HAL_UARTEx_RxEventCallback
</UL>
<BR>[Address Reference Count : 1]<UL><LI> stm32f4xx_hal_uart.o(i.UART_Start_Receive_DMA)
</UL>
<P><STRONG><a name="[49]"></a>UART_DMARxHalfCplt</STRONG> (Thumb, 30 bytes, Stack size 8 bytes, stm32f4xx_hal_uart.o(i.UART_DMARxHalfCplt))
<BR><BR>[Stack]<UL><LI>Max Depth = 8<LI>Call Chain = UART_DMARxHalfCplt
</UL>
<BR>[Calls]<UL><LI><a href="#[dc]">&gt;&gt;</a>&nbsp;&nbsp;&nbsp;HAL_UART_RxHalfCpltCallback
<LI><a href="#[b1]">&gt;&gt;</a>&nbsp;&nbsp;&nbsp;HAL_UARTEx_RxEventCallback
</UL>
<BR>[Address Reference Count : 1]<UL><LI> stm32f4xx_hal_uart.o(i.UART_Start_Receive_DMA)
</UL>
<P><STRONG><a name="[ae]"></a>UART_EndRxTransfer</STRONG> (Thumb, 78 bytes, Stack size 0 bytes, stm32f4xx_hal_uart.o(i.UART_EndRxTransfer))
<BR><BR>[Calls]<UL><LI><a href="#[ae]">&gt;&gt;</a>&nbsp;&nbsp;&nbsp;UART_EndRxTransfer
</UL>
<BR>[Called By]<UL><LI><a href="#[ac]">&gt;&gt;</a>&nbsp;&nbsp;&nbsp;HAL_UART_IRQHandler
<LI><a href="#[b8]">&gt;&gt;</a>&nbsp;&nbsp;&nbsp;UART_WaitOnFlagUntilTimeout
<LI><a href="#[ae]">&gt;&gt;</a>&nbsp;&nbsp;&nbsp;UART_EndRxTransfer
<LI><a href="#[4a]">&gt;&gt;</a>&nbsp;&nbsp;&nbsp;UART_DMAError
</UL>

<P><STRONG><a name="[da]"></a>UART_EndTxTransfer</STRONG> (Thumb, 28 bytes, Stack size 0 bytes, stm32f4xx_hal_uart.o(i.UART_EndTxTransfer))
<BR><BR>[Calls]<UL><LI><a href="#[da]">&gt;&gt;</a>&nbsp;&nbsp;&nbsp;UART_EndTxTransfer
</UL>
<BR>[Called By]<UL><LI><a href="#[da]">&gt;&gt;</a>&nbsp;&nbsp;&nbsp;UART_EndTxTransfer
<LI><a href="#[4a]">&gt;&gt;</a>&nbsp;&nbsp;&nbsp;UART_DMAError
</UL>

<P><STRONG><a name="[ad]"></a>UART_Receive_IT</STRONG> (Thumb, 194 bytes, Stack size 8 bytes, stm32f4xx_hal_uart.o(i.UART_Receive_IT))
<BR><BR>[Stack]<UL><LI>Max Depth = 8<LI>Call Chain = UART_Receive_IT
</UL>
<BR>[Calls]<UL><LI><a href="#[db]">&gt;&gt;</a>&nbsp;&nbsp;&nbsp;HAL_UART_RxCpltCallback
<LI><a href="#[b1]">&gt;&gt;</a>&nbsp;&nbsp;&nbsp;HAL_UARTEx_RxEventCallback
</UL>
<BR>[Called By]<UL><LI><a href="#[ac]">&gt;&gt;</a>&nbsp;&nbsp;&nbsp;HAL_UART_IRQHandler
</UL>

<P><STRONG><a name="[b5]"></a>UART_SetConfig</STRONG> (Thumb, 258 bytes, Stack size 16 bytes, stm32f4xx_hal_uart.o(i.UART_SetConfig))
<BR><BR>[Stack]<UL><LI>Max Depth = 56<LI>Call Chain = UART_SetConfig &rArr; __aeabi_uldivmod
</UL>
<BR>[Calls]<UL><LI><a href="#[dd]">&gt;&gt;</a>&nbsp;&nbsp;&nbsp;HAL_RCC_GetPCLK2Freq
<LI><a href="#[de]">&gt;&gt;</a>&nbsp;&nbsp;&nbsp;HAL_RCC_GetPCLK1Freq
<LI><a href="#[4e]">&gt;&gt;</a>&nbsp;&nbsp;&nbsp;__aeabi_uldivmod
</UL>
<BR>[Called By]<UL><LI><a href="#[b3]">&gt;&gt;</a>&nbsp;&nbsp;&nbsp;HAL_UART_Init
</UL>

<P><STRONG><a name="[b8]"></a>UART_WaitOnFlagUntilTimeout</STRONG> (Thumb, 114 bytes, Stack size 32 bytes, stm32f4xx_hal_uart.o(i.UART_WaitOnFlagUntilTimeout))
<BR><BR>[Stack]<UL><LI>Max Depth = 32<LI>Call Chain = UART_WaitOnFlagUntilTimeout
</UL>
<BR>[Calls]<UL><LI><a href="#[7d]">&gt;&gt;</a>&nbsp;&nbsp;&nbsp;HAL_GetTick
<LI><a href="#[ae]">&gt;&gt;</a>&nbsp;&nbsp;&nbsp;UART_EndRxTransfer
</UL>
<BR>[Called By]<UL><LI><a href="#[b7]">&gt;&gt;</a>&nbsp;&nbsp;&nbsp;HAL_UART_Transmit
</UL>

<P><STRONG><a name="[f1]"></a>_fp_digits</STRONG> (Thumb, 366 bytes, Stack size 64 bytes, printfa.o(i._fp_digits), UNUSED)
<BR><BR>[Calls]<UL><LI><a href="#[5a]">&gt;&gt;</a>&nbsp;&nbsp;&nbsp;__aeabi_dmul
<LI><a href="#[5b]">&gt;&gt;</a>&nbsp;&nbsp;&nbsp;__aeabi_ddiv
<LI><a href="#[54]">&gt;&gt;</a>&nbsp;&nbsp;&nbsp;__aeabi_dadd
<LI><a href="#[4e]">&gt;&gt;</a>&nbsp;&nbsp;&nbsp;__aeabi_uldivmod
<LI><a href="#[ef]">&gt;&gt;</a>&nbsp;&nbsp;&nbsp;__aeabi_cdrcmple
<LI><a href="#[60]">&gt;&gt;</a>&nbsp;&nbsp;&nbsp;__aeabi_d2ulz
</UL>
<BR>[Called By]<UL><LI><a href="#[e0]">&gt;&gt;</a>&nbsp;&nbsp;&nbsp;_printf_core
</UL>

<P><STRONG><a name="[e0]"></a>_printf_core</STRONG> (Thumb, 1744 bytes, Stack size 136 bytes, printfa.o(i._printf_core), UNUSED)
<BR><BR>[Calls]<UL><LI><a href="#[4e]">&gt;&gt;</a>&nbsp;&nbsp;&nbsp;__aeabi_uldivmod
<LI><a href="#[f4]">&gt;&gt;</a>&nbsp;&nbsp;&nbsp;__aeabi_uidivmod
<LI><a href="#[f2]">&gt;&gt;</a>&nbsp;&nbsp;&nbsp;_printf_pre_padding
<LI><a href="#[f3]">&gt;&gt;</a>&nbsp;&nbsp;&nbsp;_printf_post_padding
<LI><a href="#[f1]">&gt;&gt;</a>&nbsp;&nbsp;&nbsp;_fp_digits
</UL>
<BR>[Called By]<UL><LI><a href="#[df]">&gt;&gt;</a>&nbsp;&nbsp;&nbsp;__0printf
</UL>

<P><STRONG><a name="[f3]"></a>_printf_post_padding</STRONG> (Thumb, 36 bytes, Stack size 24 bytes, printfa.o(i._printf_post_padding), UNUSED)
<BR><BR>[Called By]<UL><LI><a href="#[e0]">&gt;&gt;</a>&nbsp;&nbsp;&nbsp;_printf_core
</UL>

<P><STRONG><a name="[f2]"></a>_printf_pre_padding</STRONG> (Thumb, 46 bytes, Stack size 24 bytes, printfa.o(i._printf_pre_padding), UNUSED)
<BR><BR>[Called By]<UL><LI><a href="#[e0]">&gt;&gt;</a>&nbsp;&nbsp;&nbsp;_printf_core
</UL>
<P>
<H3>
Undefined Global Symbols
</H3><HR></body></html>
